Archive member included to satisfy reference by file (symbol)

c:/ti/ccsv6/tools/compiler/msp430-gcc-5.3.0.224_win32/msp430-gcc-5.3.0.224_win32/bin/../lib/gcc/msp430-elf/5.3.0\libgcc.a(lib2divSI.o)
                              ./src/can.o (__mspabi_divul)
c:/ti/ccsv6/tools/compiler/msp430-gcc-5.3.0.224_win32/msp430-gcc-5.3.0.224_win32/bin/../lib/gcc/msp430-elf/5.3.0\libgcc.a(slli.o)
                              ./src/can.o (__mspabi_slli_3)
c:/ti/ccsv6/tools/compiler/msp430-gcc-5.3.0.224_win32/msp430-gcc-5.3.0.224_win32/bin/../lib/gcc/msp430-elf/5.3.0\libgcc.a(srai.o)
                              ./src/can.o (__mspabi_sral)
c:/ti/ccsv6/tools/compiler/msp430-gcc-5.3.0.224_win32/msp430-gcc-5.3.0.224_win32/bin/../lib/gcc/msp430-elf/5.3.0\libgcc.a(srli.o)
                              ./src/can.o (__mspabi_srli)
c:/ti/ccsv6/tools/compiler/msp430-gcc-5.3.0.224_win32/msp430-gcc-5.3.0.224_win32/bin/../lib/gcc/msp430-elf/5.3.0\libgcc.a(_udivdi3.o)
                              c:/ti/ccsv6/tools/compiler/msp430-gcc-5.3.0.224_win32/msp430-gcc-5.3.0.224_win32/bin/../lib/gcc/msp430-elf/5.3.0\libgcc.a(lib2divSI.o) (__mspabi_divull)
c:/ti/ccsv6/tools/compiler/msp430-gcc-5.3.0.224_win32/msp430-gcc-5.3.0.224_win32/bin/../lib/gcc/msp430-elf/5.3.0\libgcc.a(_lshrdi3.o)
                              c:/ti/ccsv6/tools/compiler/msp430-gcc-5.3.0.224_win32/msp430-gcc-5.3.0.224_win32/bin/../lib/gcc/msp430-elf/5.3.0\libgcc.a(_udivdi3.o) (__lshrdi3)
c:/ti/ccsv6/tools/compiler/msp430-gcc-5.3.0.224_win32/msp430-gcc-5.3.0.224_win32/bin/../lib/gcc/msp430-elf/5.3.0\libgcc.a(_ashldi3.o)
                              c:/ti/ccsv6/tools/compiler/msp430-gcc-5.3.0.224_win32/msp430-gcc-5.3.0.224_win32/bin/../lib/gcc/msp430-elf/5.3.0\libgcc.a(_udivdi3.o) (__ashldi3)
c:/ti/ccsv6/tools/compiler/msp430-gcc-5.3.0.224_win32/msp430-gcc-5.3.0.224_win32/bin/../lib/gcc/msp430-elf/5.3.0\libgcc.a(_clzdi2.o)
                              c:/ti/ccsv6/tools/compiler/msp430-gcc-5.3.0.224_win32/msp430-gcc-5.3.0.224_win32/bin/../lib/gcc/msp430-elf/5.3.0\libgcc.a(_udivdi3.o) (__clzdi2)
c:/ti/ccsv6/tools/compiler/msp430-gcc-5.3.0.224_win32/msp430-gcc-5.3.0.224_win32/bin/../lib/gcc/msp430-elf/5.3.0\libgcc.a(_clz.o)
                              c:/ti/ccsv6/tools/compiler/msp430-gcc-5.3.0.224_win32/msp430-gcc-5.3.0.224_win32/bin/../lib/gcc/msp430-elf/5.3.0\libgcc.a(_clzdi2.o) (__clz_tab)
C:/RTBS_Students/Workspace/RTBS_BaseProject/libs/RTOS\libBase_RTOS_lib.a(core.o)
                              ./src/main.o (__hwirq_43)
C:/RTBS_Students/Workspace/RTBS_BaseProject/libs/RTOS\libBase_RTOS_lib.a(kernel.o)
                              C:/RTBS_Students/Workspace/RTBS_BaseProject/libs/RTOS\libBase_RTOS_lib.a(core.o) (OSPanic)
C:/RTBS_Students/Workspace/RTBS_BaseProject/libs/RTOS\libBase_RTOS_lib.a(timer.o)
                              C:/RTBS_Students/Workspace/RTBS_BaseProject/libs/RTOS\libBase_RTOS_lib.a(kernel.o) (os_initSystemTimer)
C:/RTBS_Students/Workspace/RTBS_BaseProject/libs/RTOS\libBase_RTOS_lib.a(sysinfo.o)
                              C:/RTBS_Students/Workspace/RTBS_BaseProject/libs/RTOS\libBase_RTOS_lib.a(kernel.o) (os_printSystemInformation)
C:/RTBS_Students/Workspace/RTBS_BaseProject/libs/RTOS\libBase_RTOS_lib.a(printfx.o)
                              ./src/can.o (printf)
C:/RTBS_Students/Workspace/RTBS_BaseProject/libs/RTOS\libBase_RTOS_lib.a(sysclk.o)
                              ./src/main.o (sysclk_setClocks)
C:/RTBS_Students/Workspace/RTBS_BaseProject/libs/RTOS\libBase_RTOS_lib.a(uart_tx.o)
                              C:/RTBS_Students/Workspace/RTBS_BaseProject/libs/RTOS\libBase_RTOS_lib.a(printfx.o) (putchar)
C:/RTBS_Students/Workspace/RTBS_BaseProject/libs/RTOS\libBase_RTOS_lib.a(pmm.o)
                              C:/RTBS_Students/Workspace/RTBS_BaseProject/libs/RTOS\libBase_RTOS_lib.a(sysclk.o) (PMM_setVCore)
c:/ti/ccsv6/tools/compiler/msp430-gcc-5.3.0.224_win32/msp430-gcc-5.3.0.224_win32/bin/../lib/gcc/msp430-elf/5.3.0\libgcc.a(lib2divHI.o)
                              C:/RTBS_Students/Workspace/RTBS_BaseProject/libs/RTOS\libBase_RTOS_lib.a(timer.o) (__mspabi_divu)
c:/ti/ccsv6/tools/compiler/msp430-gcc-5.3.0.224_win32/msp430-gcc-5.3.0.224_win32/bin/../lib/gcc/msp430-elf/5.3.0\libmul_f5.a(lib2hw_mul_f5.o)
                              C:/RTBS_Students/Workspace/RTBS_BaseProject/libs/RTOS\libBase_RTOS_lib.a(kernel.o) (__mulhi2_f5)
c:/ti/ccsv6/tools/compiler/msp430-gcc-5.3.0.224_win32/msp430-gcc-5.3.0.224_win32/bin/../lib/gcc/msp430-elf/5.3.0/../../../../msp430-elf/lib\libc.a(lib_a-memset.o)
                              ./src/main.o (memset)
c:/ti/ccsv6/tools/compiler/msp430-gcc-5.3.0.224_win32/msp430-gcc-5.3.0.224_win32/bin/../lib/gcc/msp430-elf/5.3.0/../../../../msp430-elf/lib\libc.a(lib_a-puts.o)
                              C:/RTBS_Students/Workspace/RTBS_BaseProject/libs/RTOS\libBase_RTOS_lib.a(kernel.o) (puts)
[...]
Memory Configuration

Name             Origin             Length             Attributes
SFR              0x00000000         0x00000010
PERIPHERAL_8BIT  0x00000010         0x000000f0
PERIPHERAL_16BIT 0x00000100         0x00000100
BSL              0x00001000         0x00000800
INFOMEM          0x00001800         0x00000200
INFOD            0x00001800         0x00000080
INFOC            0x00001880         0x00000080
INFOB            0x00001900         0x00000080
INFOA            0x00001980         0x00000080
USBRAM           0x00001c00         0x00000800
RAM              0x00002400         0x00002000
ROM              0x00004400         0x0000bb80         xr
VECT1            0x0000ff80         0x00000002
VECT2            0x0000ff82         0x00000002
VECT3            0x0000ff84         0x00000002
VECT4            0x0000ff86         0x00000002
VECT5            0x0000ff88         0x00000002
VECT6            0x0000ff8a         0x00000002
VECT7            0x0000ff8c         0x00000002
VECT8            0x0000ff8e         0x00000002
VECT9            0x0000ff90         0x00000002
VECT10           0x0000ff92         0x00000002
VECT11           0x0000ff94         0x00000002
VECT12           0x0000ff96         0x00000002
VECT13           0x0000ff98         0x00000002
VECT14           0x0000ff9a         0x00000002
VECT15           0x0000ff9c         0x00000002
VECT16           0x0000ff9e         0x00000002
VECT17           0x0000ffa0         0x00000002
VECT18           0x0000ffa2         0x00000002
VECT19           0x0000ffa4         0x00000002
VECT20           0x0000ffa6         0x00000002
VECT21           0x0000ffa8         0x00000002
VECT22           0x0000ffaa         0x00000002
VECT23           0x0000ffac         0x00000002
VECT24           0x0000ffae         0x00000002
VECT25           0x0000ffb0         0x00000002
VECT26           0x0000ffb2         0x00000002
VECT27           0x0000ffb4         0x00000002
VECT28           0x0000ffb6         0x00000002
VECT29           0x0000ffb8         0x00000002
VECT30           0x0000ffba         0x00000002
VECT31           0x0000ffbc         0x00000002
VECT32           0x0000ffbe         0x00000002
VECT33           0x0000ffc0         0x00000002
VECT34           0x0000ffc2         0x00000002
VECT35           0x0000ffc4         0x00000002
VECT36           0x0000ffc6         0x00000002
VECT37           0x0000ffc8         0x00000002
VECT38           0x0000ffca         0x00000002
VECT39           0x0000ffcc         0x00000002
VECT40           0x0000ffce         0x00000002
VECT41           0x0000ffd0         0x00000002
VECT42           0x0000ffd2         0x00000002
VECT43           0x0000ffd4         0x00000002
VECT44           0x0000ffd6         0x00000002
VECT45           0x0000ffd8         0x00000002
VECT46           0x0000ffda         0x00000002
VECT47           0x0000ffdc         0x00000002
VECT48           0x0000ffde         0x00000002
VECT49           0x0000ffe0         0x00000002
VECT50           0x0000ffe2         0x00000002
VECT51           0x0000ffe4         0x00000002
VECT52           0x0000ffe6         0x00000002
VECT53           0x0000ffe8         0x00000002
VECT54           0x0000ffea         0x00000002
VECT55           0x0000ffec         0x00000002
VECT56           0x0000ffee         0x00000002
VECT57           0x0000fff0         0x00000002
VECT58           0x0000fff2         0x00000002
VECT59           0x0000fff4         0x00000002
VECT60           0x0000fff6         0x00000002
VECT61           0x0000fff8         0x00000002
VECT62           0x0000fffa         0x00000002
VECT63           0x0000fffc         0x00000002
RESETVEC         0x0000fffe         0x00000002
HIROM            0x00010000         0x000143ff         xr
*default*        0x00000000         0xffffffff

Linker script and memory map

LOAD c:/ti/ccsv6/tools/compiler/msp430-gcc-5.3.0.224_win32/msp430-gcc-5.3.0.224_win32/bin/../lib/gcc/msp430-elf/5.3.0/../../../../msp430-elf/lib/crt0.o
LOAD c:/ti/ccsv6/tools/compiler/msp430-gcc-5.3.0.224_win32/msp430-gcc-5.3.0.224_win32/bin/../lib/gcc/msp430-elf/5.3.0/crtbegin.o
LOAD ./src/can.o
LOAD ./src/main.o
START GROUP
LOAD c:/ti/ccsv6/tools/compiler/msp430-gcc-5.3.0.224_win32/msp430-gcc-5.3.0.224_win32/bin/../lib/gcc/msp430-elf/5.3.0\libgcc.a
LOAD C:/RTBS_Students/Workspace/RTBS_BaseProject/libs/RTOS\libBase_RTOS_lib.a
LOAD C:/RTBS_Students/Workspace/RTBS_BaseProject/libs\libRTBS_CAN_Tests.a
END GROUP
LOAD ../libs/RTOS/libBase_RTOS_lib.a
LOAD ../libs/libRTBS_CAN_Tests.a
LOAD c:/ti/ccsv6/tools/compiler/msp430-gcc-5.3.0.224_win32/msp430-gcc-5.3.0.224_win32/bin/../lib/gcc/msp430-elf/5.3.0\libgcc.a
START GROUP
LOAD c:/ti/ccsv6/tools/compiler/msp430-gcc-5.3.0.224_win32/msp430-gcc-5.3.0.224_win32/bin/../lib/gcc/msp430-elf/5.3.0\libmul_f5.a
LOAD c:/ti/ccsv6/tools/compiler/msp430-gcc-5.3.0.224_win32/msp430-gcc-5.3.0.224_win32/bin/../lib/gcc/msp430-elf/5.3.0/../../../../msp430-elf/lib\libc.a
LOAD c:/ti/ccsv6/tools/compiler/msp430-gcc-5.3.0.224_win32/msp430-gcc-5.3.0.224_win32/bin/../lib/gcc/msp430-elf/5.3.0\libgcc.a
LOAD c:/ti/ccsv6/tools/compiler/msp430-gcc-5.3.0.224_win32/msp430-gcc-5.3.0.224_win32/bin/../lib/gcc/msp430-elf/5.3.0/../../../../msp430-elf/lib\libcrt.a
LOAD c:/ti/ccsv6/tools/compiler/msp430-gcc-5.3.0.224_win32/msp430-gcc-5.3.0.224_win32/bin/../lib/gcc/msp430-elf/5.3.0/../../../../msp430-elf/lib\libnosys.a
END GROUP
LOAD c:/ti/ccsv6/tools/compiler/msp430-gcc-5.3.0.224_win32/msp430-gcc-5.3.0.224_win32/bin/../lib/gcc/msp430-elf/5.3.0\libgcc.a
LOAD c:/ti/ccsv6/tools/compiler/msp430-gcc-5.3.0.224_win32/msp430-gcc-5.3.0.224_win32/bin/../lib/gcc/msp430-elf/5.3.0/crtend.o
LOAD c:/ti/ccsv6/tools/compiler/msp430-gcc-5.3.0.224_win32/msp430-gcc-5.3.0.224_win32/bin/../lib/gcc/msp430-elf/5.3.0/../../../../msp430-elf/lib/crtn.o
LOAD c:/ti/ccsv6/tools/compiler/msp430-gcc-5.3.0.224_win32/msp430-gcc-5.3.0.224_win32/bin/../lib/gcc/msp430-elf/5.3.0\libgcc.a

__interrupt_vector_1
 *(__interrupt_vector_1)

__interrupt_vector_2
 *(__interrupt_vector_2)

__interrupt_vector_3
 *(__interrupt_vector_3)

__interrupt_vector_4
 *(__interrupt_vector_4)

__interrupt_vector_5
 *(__interrupt_vector_5)

__interrupt_vector_6
 *(__interrupt_vector_6)

__interrupt_vector_7
 *(__interrupt_vector_7)

__interrupt_vector_8
 *(__interrupt_vector_8)

__interrupt_vector_9
 *(__interrupt_vector_9)

__interrupt_vector_10
 *(__interrupt_vector_10)

__interrupt_vector_11
 *(__interrupt_vector_11)

__interrupt_vector_12
 *(__interrupt_vector_12)

__interrupt_vector_13
 *(__interrupt_vector_13)

__interrupt_vector_14
 *(__interrupt_vector_14)

__interrupt_vector_15
 *(__interrupt_vector_15)

__interrupt_vector_16
 *(__interrupt_vector_16)

__interrupt_vector_17
 *(__interrupt_vector_17)

__interrupt_vector_18
 *(__interrupt_vector_18)

__interrupt_vector_19
 *(__interrupt_vector_19)

__interrupt_vector_20
 *(__interrupt_vector_20)

__interrupt_vector_21
 *(__interrupt_vector_21)

__interrupt_vector_22
 *(__interrupt_vector_22)

__interrupt_vector_23
 *(__interrupt_vector_23)

__interrupt_vector_24
 *(__interrupt_vector_24)

__interrupt_vector_25
 *(__interrupt_vector_25)

__interrupt_vector_26
 *(__interrupt_vector_26)

__interrupt_vector_27
 *(__interrupt_vector_27)

__interrupt_vector_28
 *(__interrupt_vector_28)

__interrupt_vector_29
 *(__interrupt_vector_29)

__interrupt_vector_30
 *(__interrupt_vector_30)

__interrupt_vector_31
 *(__interrupt_vector_31)

__interrupt_vector_32
 *(__interrupt_vector_32)

__interrupt_vector_33
 *(__interrupt_vector_33)

__interrupt_vector_34
 *(__interrupt_vector_34)

__interrupt_vector_35
 *(__interrupt_vector_35)

__interrupt_vector_36
 *(__interrupt_vector_36)

__interrupt_vector_37
 *(__interrupt_vector_37)

__interrupt_vector_38
 *(__interrupt_vector_38)

__interrupt_vector_39
 *(__interrupt_vector_39)

__interrupt_vector_40
 *(__interrupt_vector_40)

__interrupt_vector_41
 *(__interrupt_vector_41)

__interrupt_vector_42
 *(__interrupt_vector_42)
 *(__interrupt_vector_rtc)

__interrupt_vector_43
                0x0000ffd4        0x2
 *(__interrupt_vector_43)
 __interrupt_vector_43
                0x0000ffd4        0x2 ./src/main.o
 *(__interrupt_vector_port2)

__interrupt_vector_44
 *(__interrupt_vector_44)
 *(__interrupt_vector_timer2_a1)

__interrupt_vector_45
 *(__interrupt_vector_45)
 *(__interrupt_vector_timer2_a0)

__interrupt_vector_46
 *(__interrupt_vector_46)
 *(__interrupt_vector_usci_b1)

__interrupt_vector_47
 *(__interrupt_vector_47)
 *(__interrupt_vector_usci_a1)

__interrupt_vector_48
                0x0000ffde        0x2
 *(__interrupt_vector_48)
 __interrupt_vector_48
                0x0000ffde        0x2 ./src/main.o
 *(__interrupt_vector_port1)

__interrupt_vector_49
 *(__interrupt_vector_49)
 *(__interrupt_vector_timer1_a1)

__interrupt_vector_50
 *(__interrupt_vector_50)
 *(__interrupt_vector_timer1_a0)

__interrupt_vector_51
 *(__interrupt_vector_51)
 *(__interrupt_vector_dma)

__interrupt_vector_52
 *(__interrupt_vector_52)
 *(__interrupt_vector_usb_ubm)

__interrupt_vector_53
                0x0000ffe8        0x2
 *(__interrupt_vector_53)
 __interrupt_vector_53
                0x0000ffe8        0x2 C:/RTBS_Students/Workspace/RTBS_BaseProject/libs/RTOS\libBase_RTOS_lib.a(timer.o)
 *(__interrupt_vector_timer0_a1)

__interrupt_vector_54
 *(__interrupt_vector_54)
 *(__interrupt_vector_timer0_a0)

__interrupt_vector_55
 *(__interrupt_vector_55)
 *(__interrupt_vector_adc12)

__interrupt_vector_56
 *(__interrupt_vector_56)
 *(__interrupt_vector_usci_b0)

__interrupt_vector_57
 *(__interrupt_vector_57)
 *(__interrupt_vector_usci_a0)

__interrupt_vector_58
 *(__interrupt_vector_58)
 *(__interrupt_vector_wdt)

__interrupt_vector_59
 *(__interrupt_vector_59)
 *(__interrupt_vector_timer0_b1)

__interrupt_vector_60
 *(__interrupt_vector_60)
 *(__interrupt_vector_timer0_b0)

__interrupt_vector_61
 *(__interrupt_vector_61)
 *(__interrupt_vector_comp_b)

__interrupt_vector_62
 *(__interrupt_vector_62)
 *(__interrupt_vector_unmi)

__interrupt_vector_63
 *(__interrupt_vector_63)
 *(__interrupt_vector_sysnmi)

__reset_vector  0x0000fffe        0x2
 *(__interrupt_vector_64)
 *(__interrupt_vector_reset)
 *(.resetvec)
 .resetvec      0x0000fffe        0x2 c:/ti/ccsv6/tools/compiler/msp430-gcc-5.3.0.224_win32/msp430-gcc-5.3.0.224_win32/bin/../lib/gcc/msp430-elf/5.3.0/../../../../msp430-elf/lib/crt0.o

.rodata         0x00004400      0x564
                0x00004400                . = ALIGN (0x2)
 *(.plt)
                0x00004400                . = ALIGN (0x2)
 *(.lower.rodata.* .lower.rodata)
                0x00004400                . = ALIGN (0x2)
 *(.rodata .rodata.* .gnu.linkonce.r.* .const .const:*)
 .rodata        0x00004400       0x3e ./src/can.o
 .rodata        0x0000443e       0xe5 ./src/main.o
 .rodata.__clz_tab
                0x00004523      0x100 c:/ti/ccsv6/tools/compiler/msp430-gcc-5.3.0.224_win32/msp430-gcc-5.3.0.224_win32/bin/../lib/gcc/msp430-elf/5.3.0\libgcc.a(_clz.o)
                0x00004523                __clz_tab
 .rodata        0x00004623       0xec C:/RTBS_Students/Workspace/RTBS_BaseProject/libs/RTOS\libBase_RTOS_lib.a(kernel.o)
 .rodata        0x0000470f      0x115 C:/RTBS_Students/Workspace/RTBS_BaseProject/libs/RTOS\libBase_RTOS_lib.a(sysinfo.o)
 .rodata        0x00004824       0x95 C:/RTBS_Students/Workspace/RTBS_BaseProject/libs/RTOS\libBase_RTOS_lib.a(printfx.o)
 .rodata        0x000048b9        0x2 c:/ti/ccsv6/tools/compiler/msp430-gcc-5.3.0.224_win32/msp430-gcc-5.3.0.224_win32/bin/../lib/gcc/msp430-elf/5.3.0/../../../../msp430-elf/lib\libc.a(lib_a-puts.o)
 *fill*         0x000048bb        0x1 
 .rodata.__sf_fake_stderr
                0x000048bc       0x12 c:/ti/ccsv6/tools/compiler/msp430-gcc-5.3.0.224_win32/msp430-gcc-5.3.0.224_win32/bin/../lib/gcc/msp430-elf/5.3.0/../../../../msp430-elf/lib\libc.a(lib_a-findfp.o)
                0x000048bc                __sf_fake_stderr
 .rodata.__sf_fake_stdout
                0x000048ce       0x12 c:/ti/ccsv6/tools/compiler/msp430-gcc-5.3.0.224_win32/msp430-gcc-5.3.0.224_win32/bin/../lib/gcc/msp430-elf/5.3.0/../../../../msp430-elf/lib\libc.a(lib_a-findfp.o)
                0x000048ce                __sf_fake_stdout
 .rodata.__sf_fake_stdin
                0x000048e0       0x12 c:/ti/ccsv6/tools/compiler/msp430-gcc-5.3.0.224_win32/msp430-gcc-5.3.0.224_win32/bin/../lib/gcc/msp430-elf/5.3.0/../../../../msp430-elf/lib\libc.a(lib_a-findfp.o)
                0x000048e0                __sf_fake_stdin
 .rodata._global_impure_ptr
                0x000048f2        0x2 c:/ti/ccsv6/tools/compiler/msp430-gcc-5.3.0.224_win32/msp430-gcc-5.3.0.224_win32/bin/../lib/gcc/msp430-elf/5.3.0/../../../../msp430-elf/lib\libc.a(lib_a-impure.o)
                0x000048f2                _global_impure_ptr
 .rodata        0x000048f4        0x2 c:/ti/ccsv6/tools/compiler/msp430-gcc-5.3.0.224_win32/msp430-gcc-5.3.0.224_win32/bin/../lib/gcc/msp430-elf/5.3.0/../../../../msp430-elf/lib\libc.a(lib_a-impure.o)
 .rodata        0x000048f6       0x1a c:/ti/ccsv6/tools/compiler/msp430-gcc-5.3.0.224_win32/msp430-gcc-5.3.0.224_win32/bin/../lib/gcc/msp430-elf/5.3.0/../../../../msp430-elf/lib\libnosys.a(sbrk.o)
 *(.rodata1)
 *(.eh_frame_hdr)
 *(.eh_frame)
 .eh_frame      0x00004910        0x0 c:/ti/ccsv6/tools/compiler/msp430-gcc-5.3.0.224_win32/msp430-gcc-5.3.0.224_win32/bin/../lib/gcc/msp430-elf/5.3.0/crtbegin.o
 .eh_frame      0x00004910       0x44 c:/ti/ccsv6/tools/compiler/msp430-gcc-5.3.0.224_win32/msp430-gcc-5.3.0.224_win32/bin/../lib/gcc/msp430-elf/5.3.0\libgcc.a(_udivdi3.o)
 .eh_frame      0x00004954        0x4 c:/ti/ccsv6/tools/compiler/msp430-gcc-5.3.0.224_win32/msp430-gcc-5.3.0.224_win32/bin/../lib/gcc/msp430-elf/5.3.0/crtend.o
 *(.gcc_except_table)
 *(.gcc_except_table.*)
                0x00004958                PROVIDE (__preinit_array_start, .)
 *(.preinit_array)
                0x00004958                PROVIDE (__preinit_array_end, .)
                0x00004958                PROVIDE (__init_array_start, .)
 *(SORT(.init_array.*))
 *(.init_array)
                0x00004958                PROVIDE (__init_array_end, .)
                0x00004958                PROVIDE (__fini_array_start, .)
 *(.fini_array)
 *(SORT(.fini_array.*))
                0x00004958                PROVIDE (__fini_array_end, .)
                0x00004958        0x4 LONG 0x0
 *crtbegin*.o(.ctors)
 .ctors         0x0000495c        0x2 c:/ti/ccsv6/tools/compiler/msp430-gcc-5.3.0.224_win32/msp430-gcc-5.3.0.224_win32/bin/../lib/gcc/msp430-elf/5.3.0/crtbegin.o
 *(EXCLUDE_FILE(*crtend*.o) .ctors)
 *(SORT(.ctors.*))
 *(.ctors)
 .ctors         0x0000495e        0x2 c:/ti/ccsv6/tools/compiler/msp430-gcc-5.3.0.224_win32/msp430-gcc-5.3.0.224_win32/bin/../lib/gcc/msp430-elf/5.3.0/crtend.o
 *crtbegin*.o(.dtors)
 .dtors         0x00004960        0x2 c:/ti/ccsv6/tools/compiler/msp430-gcc-5.3.0.224_win32/msp430-gcc-5.3.0.224_win32/bin/../lib/gcc/msp430-elf/5.3.0/crtbegin.o
 *(EXCLUDE_FILE(*crtend*.o) .dtors)
 *(SORT(.dtors.*))
 *(.dtors)
 .dtors         0x00004962        0x2 c:/ti/ccsv6/tools/compiler/msp430-gcc-5.3.0.224_win32/msp430-gcc-5.3.0.224_win32/bin/../lib/gcc/msp430-elf/5.3.0/crtend.o
                0x00004962                __DTOR_END__

.upper.rodata
 *(.upper.rodata.* .upper.rodata)

.data           0x00002400      0xa1e load address 0x00004964
                0x00002400                . = ALIGN (0x2)
                0x00002400                PROVIDE (__datastart, .)
 *(.lower.data.* .lower.data)
                0x00002400                . = ALIGN (0x2)
                0x00002400                os_tasks = .
                0x00002400                __os_tasksBegin = .
 *(.os_idletask)
 .os_idletask   0x00002400       0x32 C:/RTBS_Students/Workspace/RTBS_BaseProject/libs/RTOS\libBase_RTOS_lib.a(kernel.o)
                0x00002400                __task_TaskIdle
                0x00002432                __os_tasksOther = .
 *(.os_tasks)
 .os_tasks      0x00002432       0x64 ./src/main.o
                0x00002432                __task_sendTask
                0x00002464                __task_recvTask
                0x00002496                __os_tasksEnd = .
                0x00002496                . = ALIGN (0x2)
 *(.os_events)
                0x00002496                . = ALIGN (0x2)
                0x00002496                __os_stacksBegin = .
 *(.os_stacks)
 .os_stacks     0x00002496      0x820 ./src/main.o
 .os_stacks     0x00002cb6       0x88 C:/RTBS_Students/Workspace/RTBS_BaseProject/libs/RTOS\libBase_RTOS_lib.a(kernel.o)
                0x00002d3e                __os_stacksEnd = .
                0x00002d3e                . = ALIGN (0x2)
                0x00002d3e                os_resources = .
                0x00002d3e                __os_resourcesBegin = .
 *(.os_resources)
                0x00002d3e                __os_resourcesEnd = .
                0x00002d3e                . = ALIGN (0x2)
 *(.either.data.* .either.data)
                0x00002d3e                . = ALIGN (0x2)
 *(.jcr)
 .jcr           0x00002d3e        0x0 c:/ti/ccsv6/tools/compiler/msp430-gcc-5.3.0.224_win32/msp430-gcc-5.3.0.224_win32/bin/../lib/gcc/msp430-elf/5.3.0/crtbegin.o
 .jcr           0x00002d3e        0x2 c:/ti/ccsv6/tools/compiler/msp430-gcc-5.3.0.224_win32/msp430-gcc-5.3.0.224_win32/bin/../lib/gcc/msp430-elf/5.3.0/crtend.o
 *(.data.rel.ro.local)
 *(.data.rel.ro*)
 *(.dynamic)
                0x00002d40                . = ALIGN (0x2)
 *(.data .data.* .gnu.linkonce.d.*)
 .data          0x00002d40        0x0 c:/ti/ccsv6/tools/compiler/msp430-gcc-5.3.0.224_win32/msp430-gcc-5.3.0.224_win32/bin/../lib/gcc/msp430-elf/5.3.0/../../../../msp430-elf/lib/crt0.o
 .data          0x00002d40        0x0 c:/ti/ccsv6/tools/compiler/msp430-gcc-5.3.0.224_win32/msp430-gcc-5.3.0.224_win32/bin/../lib/gcc/msp430-elf/5.3.0/crtbegin.o
 .data.__dso_handle
                0x00002d40        0x2 c:/ti/ccsv6/tools/compiler/msp430-gcc-5.3.0.224_win32/msp430-gcc-5.3.0.224_win32/bin/../lib/gcc/msp430-elf/5.3.0/crtbegin.o
                0x00002d40                __dso_handle
 .data          0x00002d42        0x0 ./src/can.o
 .data          0x00002d42        0x4 ./src/main.o
                0x00002d42                sendEv
                0x00002d44                recvEv
 .data          0x00002d46        0x0 c:/ti/ccsv6/tools/compiler/msp430-gcc-5.3.0.224_win32/msp430-gcc-5.3.0.224_win32/bin/../lib/gcc/msp430-elf/5.3.0\libgcc.a(lib2divSI.o)
 .data          0x00002d46        0x0 c:/ti/ccsv6/tools/compiler/msp430-gcc-5.3.0.224_win32/msp430-gcc-5.3.0.224_win32/bin/../lib/gcc/msp430-elf/5.3.0\libgcc.a(slli.o)
 .data          0x00002d46        0x0 c:/ti/ccsv6/tools/compiler/msp430-gcc-5.3.0.224_win32/msp430-gcc-5.3.0.224_win32/bin/../lib/gcc/msp430-elf/5.3.0\libgcc.a(srai.o)
 .data          0x00002d46        0x0 c:/ti/ccsv6/tools/compiler/msp430-gcc-5.3.0.224_win32/msp430-gcc-5.3.0.224_win32/bin/../lib/gcc/msp430-elf/5.3.0\libgcc.a(srli.o)
 .data          0x00002d46        0x0 c:/ti/ccsv6/tools/compiler/msp430-gcc-5.3.0.224_win32/msp430-gcc-5.3.0.224_win32/bin/../lib/gcc/msp430-elf/5.3.0\libgcc.a(_udivdi3.o)
 .data          0x00002d46        0x0 c:/ti/ccsv6/tools/compiler/msp430-gcc-5.3.0.224_win32/msp430-gcc-5.3.0.224_win32/bin/../lib/gcc/msp430-elf/5.3.0\libgcc.a(_lshrdi3.o)
 .data          0x00002d46        0x0 c:/ti/ccsv6/tools/compiler/msp430-gcc-5.3.0.224_win32/msp430-gcc-5.3.0.224_win32/bin/../lib/gcc/msp430-elf/5.3.0\libgcc.a(_ashldi3.o)
 .data          0x00002d46        0x0 c:/ti/ccsv6/tools/compiler/msp430-gcc-5.3.0.224_win32/msp430-gcc-5.3.0.224_win32/bin/../lib/gcc/msp430-elf/5.3.0\libgcc.a(_clzdi2.o)
 .data          0x00002d46        0x0 c:/ti/ccsv6/tools/compiler/msp430-gcc-5.3.0.224_win32/msp430-gcc-5.3.0.224_win32/bin/../lib/gcc/msp430-elf/5.3.0\libgcc.a(_clz.o)
 .data          0x00002d46        0x0 C:/RTBS_Students/Workspace/RTBS_BaseProject/libs/RTOS\libBase_RTOS_lib.a(core.o)
 .data          0x00002d46        0xa C:/RTBS_Students/Workspace/RTBS_BaseProject/libs/RTOS\libBase_RTOS_lib.a(kernel.o)
                0x00002d46                os_timeoutQueueDirty
                0x00002d48                os_timeoutQueue
                0x00002d49                os_readyQueue
                0x00002d4a                os_runningTask
                0x00002d4c                os_kernel_mode
                0x00002d4e                os_running
 .data          0x00002d50        0x0 C:/RTBS_Students/Workspace/RTBS_BaseProject/libs/RTOS\libBase_RTOS_lib.a(timer.o)
 .data          0x00002d50        0x0 C:/RTBS_Students/Workspace/RTBS_BaseProject/libs/RTOS\libBase_RTOS_lib.a(sysinfo.o)
 .data          0x00002d50        0x6 C:/RTBS_Students/Workspace/RTBS_BaseProject/libs/RTOS\libBase_RTOS_lib.a(printfx.o)
 .data          0x00002d56        0x0 C:/RTBS_Students/Workspace/RTBS_BaseProject/libs/RTOS\libBase_RTOS_lib.a(sysclk.o)
 .data          0x00002d56        0x0 C:/RTBS_Students/Workspace/RTBS_BaseProject/libs/RTOS\libBase_RTOS_lib.a(uart_tx.o)
 .data          0x00002d56        0x0 C:/RTBS_Students/Workspace/RTBS_BaseProject/libs/RTOS\libBase_RTOS_lib.a(pmm.o)
 .data          0x00002d56        0x0 c:/ti/ccsv6/tools/compiler/msp430-gcc-5.3.0.224_win32/msp430-gcc-5.3.0.224_win32/bin/../lib/gcc/msp430-elf/5.3.0\libgcc.a(lib2divHI.o)
 .data          0x00002d56        0x0 c:/ti/ccsv6/tools/compiler/msp430-gcc-5.3.0.224_win32/msp430-gcc-5.3.0.224_win32/bin/../lib/gcc/msp430-elf/5.3.0\libmul_f5.a(lib2hw_mul_f5.o)
 .data          0x00002d56        0x0 c:/ti/ccsv6/tools/compiler/msp430-gcc-5.3.0.224_win32/msp430-gcc-5.3.0.224_win32/bin/../lib/gcc/msp430-elf/5.3.0/../../../../msp430-elf/lib\libc.a(lib_a-memset.o)
 .data          0x00002d56        0x0 c:/ti/ccsv6/tools/compiler/msp430-gcc-5.3.0.224_win32/msp430-gcc-5.3.0.224_win32/bin/../lib/gcc/msp430-elf/5.3.0/../../../../msp430-elf/lib\libc.a(lib_a-puts.o)
 .data          0x00002d56        0x0 c:/ti/ccsv6/tools/compiler/msp430-gcc-5.3.0.224_win32/msp430-gcc-5.3.0.224_win32/bin/../lib/gcc/msp430-elf/5.3.0/../../../../msp430-elf/lib\libc.a(lib_a-strlen.o)
 .data          0x00002d56        0x0 c:/ti/ccsv6/tools/compiler/msp430-gcc-5.3.0.224_win32/msp430-gcc-5.3.0.224_win32/bin/../lib/gcc/msp430-elf/5.3.0/../../../../msp430-elf/lib\libc.a(lib_a-findfp.o)
 .data          0x00002d56        0x0 c:/ti/ccsv6/tools/compiler/msp430-gcc-5.3.0.224_win32/msp430-gcc-5.3.0.224_win32/bin/../lib/gcc/msp430-elf/5.3.0/../../../../msp430-elf/lib\libc.a(lib_a-fvwrite.o)
 .data          0x00002d56        0x0 c:/ti/ccsv6/tools/compiler/msp430-gcc-5.3.0.224_win32/msp430-gcc-5.3.0.224_win32/bin/../lib/gcc/msp430-elf/5.3.0/../../../../msp430-elf/lib\libc.a(lib_a-fwalk.o)
 .data          0x00002d56        0x0 c:/ti/ccsv6/tools/compiler/msp430-gcc-5.3.0.224_win32/msp430-gcc-5.3.0.224_win32/bin/../lib/gcc/msp430-elf/5.3.0/../../../../msp430-elf/lib\libc.a(lib_a-impure.o)
 .data._impure_ptr
                0x00002d56        0x2 c:/ti/ccsv6/tools/compiler/msp430-gcc-5.3.0.224_win32/msp430-gcc-5.3.0.224_win32/bin/../lib/gcc/msp430-elf/5.3.0/../../../../msp430-elf/lib\libc.a(lib_a-impure.o)
                0x00002d56                _impure_ptr
 .data.impure_data
                0x00002d58       0x78 c:/ti/ccsv6/tools/compiler/msp430-gcc-5.3.0.224_win32/msp430-gcc-5.3.0.224_win32/bin/../lib/gcc/msp430-elf/5.3.0/../../../../msp430-elf/lib\libc.a(lib_a-impure.o)
 .data          0x00002dd0        0x0 c:/ti/ccsv6/tools/compiler/msp430-gcc-5.3.0.224_win32/msp430-gcc-5.3.0.224_win32/bin/../lib/gcc/msp430-elf/5.3.0/../../../../msp430-elf/lib\libc.a(lib_a-memchr.o)
 .data          0x00002dd0        0x0 c:/ti/ccsv6/tools/compiler/msp430-gcc-5.3.0.224_win32/msp430-gcc-5.3.0.224_win32/bin/../lib/gcc/msp430-elf/5.3.0/../../../../msp430-elf/lib\libc.a(lib_a-memcpy.o)
 .data          0x00002dd0        0x0 c:/ti/ccsv6/tools/compiler/msp430-gcc-5.3.0.224_win32/msp430-gcc-5.3.0.224_win32/bin/../lib/gcc/msp430-elf/5.3.0/../../../../msp430-elf/lib\libc.a(lib_a-memmove.o)
 .data          0x00002dd0        0x0 c:/ti/ccsv6/tools/compiler/msp430-gcc-5.3.0.224_win32/msp430-gcc-5.3.0.224_win32/bin/../lib/gcc/msp430-elf/5.3.0/../../../../msp430-elf/lib\libc.a(lib_a-nano-freer.o)
 .data          0x00002dd0        0x0 c:/ti/ccsv6/tools/compiler/msp430-gcc-5.3.0.224_win32/msp430-gcc-5.3.0.224_win32/bin/../lib/gcc/msp430-elf/5.3.0/../../../../msp430-elf/lib\libc.a(lib_a-nano-mallocr.o)
 .data          0x00002dd0        0x0 c:/ti/ccsv6/tools/compiler/msp430-gcc-5.3.0.224_win32/msp430-gcc-5.3.0.224_win32/bin/../lib/gcc/msp430-elf/5.3.0/../../../../msp430-elf/lib\libc.a(lib_a-nano-reallocr.o)
 .data          0x00002dd0        0x0 c:/ti/ccsv6/tools/compiler/msp430-gcc-5.3.0.224_win32/msp430-gcc-5.3.0.224_win32/bin/../lib/gcc/msp430-elf/5.3.0/../../../../msp430-elf/lib\libc.a(lib_a-sbrkr.o)
 .data          0x00002dd0        0x0 c:/ti/ccsv6/tools/compiler/msp430-gcc-5.3.0.224_win32/msp430-gcc-5.3.0.224_win32/bin/../lib/gcc/msp430-elf/5.3.0/../../../../msp430-elf/lib\libc.a(lib_a-stdio.o)
 .data          0x00002dd0        0x0 c:/ti/ccsv6/tools/compiler/msp430-gcc-5.3.0.224_win32/msp430-gcc-5.3.0.224_win32/bin/../lib/gcc/msp430-elf/5.3.0/../../../../msp430-elf/lib\libc.a(lib_a-writer.o)
 .data          0x00002dd0        0x0 c:/ti/ccsv6/tools/compiler/msp430-gcc-5.3.0.224_win32/msp430-gcc-5.3.0.224_win32/bin/../lib/gcc/msp430-elf/5.3.0/../../../../msp430-elf/lib\libc.a(lib_a-wsetup.o)
 .data          0x00002dd0        0x0 c:/ti/ccsv6/tools/compiler/msp430-gcc-5.3.0.224_win32/msp430-gcc-5.3.0.224_win32/bin/../lib/gcc/msp430-elf/5.3.0/../../../../msp430-elf/lib\libc.a(lib_a-closer.o)
 .data          0x00002dd0        0x0 c:/ti/ccsv6/tools/compiler/msp430-gcc-5.3.0.224_win32/msp430-gcc-5.3.0.224_win32/bin/../lib/gcc/msp430-elf/5.3.0/../../../../msp430-elf/lib\libc.a(lib_a-fclose.o)
 .data          0x00002dd0        0x0 c:/ti/ccsv6/tools/compiler/msp430-gcc-5.3.0.224_win32/msp430-gcc-5.3.0.224_win32/bin/../lib/gcc/msp430-elf/5.3.0/../../../../msp430-elf/lib\libc.a(lib_a-fflush.o)
 .data          0x00002dd0        0x0 c:/ti/ccsv6/tools/compiler/msp430-gcc-5.3.0.224_win32/msp430-gcc-5.3.0.224_win32/bin/../lib/gcc/msp430-elf/5.3.0/../../../../msp430-elf/lib\libc.a(lib_a-lseekr.o)
 .data          0x00002dd0        0x0 c:/ti/ccsv6/tools/compiler/msp430-gcc-5.3.0.224_win32/msp430-gcc-5.3.0.224_win32/bin/../lib/gcc/msp430-elf/5.3.0/../../../../msp430-elf/lib\libc.a(lib_a-makebuf.o)
 .data          0x00002dd0        0x0 c:/ti/ccsv6/tools/compiler/msp430-gcc-5.3.0.224_win32/msp430-gcc-5.3.0.224_win32/bin/../lib/gcc/msp430-elf/5.3.0/../../../../msp430-elf/lib\libc.a(lib_a-nano-msizer.o)
 .data          0x00002dd0        0x0 c:/ti/ccsv6/tools/compiler/msp430-gcc-5.3.0.224_win32/msp430-gcc-5.3.0.224_win32/bin/../lib/gcc/msp430-elf/5.3.0/../../../../msp430-elf/lib\libc.a(lib_a-readr.o)
 .data          0x00002dd0        0x0 c:/ti/ccsv6/tools/compiler/msp430-gcc-5.3.0.224_win32/msp430-gcc-5.3.0.224_win32/bin/../lib/gcc/msp430-elf/5.3.0/../../../../msp430-elf/lib\libc.a(lib_a-reent.o)
 .data          0x00002dd0        0x0 c:/ti/ccsv6/tools/compiler/msp430-gcc-5.3.0.224_win32/msp430-gcc-5.3.0.224_win32/bin/../lib/gcc/msp430-elf/5.3.0/../../../../msp430-elf/lib\libc.a(lib_a-fstatr.o)
 .data          0x00002dd0        0x0 c:/ti/ccsv6/tools/compiler/msp430-gcc-5.3.0.224_win32/msp430-gcc-5.3.0.224_win32/bin/../lib/gcc/msp430-elf/5.3.0/../../../../msp430-elf/lib\libc.a(lib_a-isattyr.o)
 .data          0x00002dd0        0x0 c:/ti/ccsv6/tools/compiler/msp430-gcc-5.3.0.224_win32/msp430-gcc-5.3.0.224_win32/bin/../lib/gcc/msp430-elf/5.3.0\libgcc.a(_muldi3.o)
 .data          0x00002dd0        0x0 c:/ti/ccsv6/tools/compiler/msp430-gcc-5.3.0.224_win32/msp430-gcc-5.3.0.224_win32/bin/../lib/gcc/msp430-elf/5.3.0/../../../../msp430-elf/lib\libcrt.a(crt_bss.o)
 .data          0x00002dd0        0x0 c:/ti/ccsv6/tools/compiler/msp430-gcc-5.3.0.224_win32/msp430-gcc-5.3.0.224_win32/bin/../lib/gcc/msp430-elf/5.3.0/../../../../msp430-elf/lib\libcrt.a(crt_movedata.o)
 .data          0x00002dd0        0x0 c:/ti/ccsv6/tools/compiler/msp430-gcc-5.3.0.224_win32/msp430-gcc-5.3.0.224_win32/bin/../lib/gcc/msp430-elf/5.3.0/../../../../msp430-elf/lib\libcrt.a(crt_main.o)
 .data          0x00002dd0        0x0 c:/ti/ccsv6/tools/compiler/msp430-gcc-5.3.0.224_win32/msp430-gcc-5.3.0.224_win32/bin/../lib/gcc/msp430-elf/5.3.0/../../../../msp430-elf/lib\libcrt.a(crt_callexit.o)
 .data          0x00002dd0        0x0 c:/ti/ccsv6/tools/compiler/msp430-gcc-5.3.0.224_win32/msp430-gcc-5.3.0.224_win32/bin/../lib/gcc/msp430-elf/5.3.0/../../../../msp430-elf/lib\libnosys.a(ciosyscalls.o)
 .data          0x00002dd0        0x0 c:/ti/ccsv6/tools/compiler/msp430-gcc-5.3.0.224_win32/msp430-gcc-5.3.0.224_win32/bin/../lib/gcc/msp430-elf/5.3.0/../../../../msp430-elf/lib\libnosys.a(write.o)
 .data          0x00002dd0        0x0 c:/ti/ccsv6/tools/compiler/msp430-gcc-5.3.0.224_win32/msp430-gcc-5.3.0.224_win32/bin/../lib/gcc/msp430-elf/5.3.0/../../../../msp430-elf/lib\libnosys.a(sbrk.o)
 .data.heap.1456
                0x00002dd0        0x2 c:/ti/ccsv6/tools/compiler/msp430-gcc-5.3.0.224_win32/msp430-gcc-5.3.0.224_win32/bin/../lib/gcc/msp430-elf/5.3.0/../../../../msp430-elf/lib\libnosys.a(sbrk.o)
 .data          0x00002dd2       0x4b c:/ti/ccsv6/tools/compiler/msp430-gcc-5.3.0.224_win32/msp430-gcc-5.3.0.224_win32/bin/../lib/gcc/msp430-elf/5.3.0/../../../../msp430-elf/lib\libnosys.a(cio.o)
                0x00002dd2                _CIOBUF_
                0x00002dd2                __CIOBUF__
 .data          0x00002e1d        0x0 c:/ti/ccsv6/tools/compiler/msp430-gcc-5.3.0.224_win32/msp430-gcc-5.3.0.224_win32/bin/../lib/gcc/msp430-elf/5.3.0/../../../../msp430-elf/lib\libc.a(lib_a-abort.o)
 .data          0x00002e1d        0x0 c:/ti/ccsv6/tools/compiler/msp430-gcc-5.3.0.224_win32/msp430-gcc-5.3.0.224_win32/bin/../lib/gcc/msp430-elf/5.3.0/../../../../msp430-elf/lib\libc.a(lib_a-errno.o)
 .data          0x00002e1d        0x0 c:/ti/ccsv6/tools/compiler/msp430-gcc-5.3.0.224_win32/msp430-gcc-5.3.0.224_win32/bin/../lib/gcc/msp430-elf/5.3.0/../../../../msp430-elf/lib\libc.a(lib_a-signal.o)
 .data          0x00002e1d        0x0 c:/ti/ccsv6/tools/compiler/msp430-gcc-5.3.0.224_win32/msp430-gcc-5.3.0.224_win32/bin/../lib/gcc/msp430-elf/5.3.0/../../../../msp430-elf/lib\libc.a(lib_a-signalr.o)
 .data          0x00002e1d        0x0 c:/ti/ccsv6/tools/compiler/msp430-gcc-5.3.0.224_win32/msp430-gcc-5.3.0.224_win32/bin/../lib/gcc/msp430-elf/5.3.0/crtend.o
 .data          0x00002e1d        0x0 c:/ti/ccsv6/tools/compiler/msp430-gcc-5.3.0.224_win32/msp430-gcc-5.3.0.224_win32/bin/../lib/gcc/msp430-elf/5.3.0/../../../../msp430-elf/lib/crtn.o
 *(.gnu.linkonce.d.*personality*)
 *(.data1)
 *(.got.plt)
 *(.got)
                0x00002e1e                . = ALIGN (0x2)
 *fill*         0x00002e1d        0x1 
 *(.sdata .sdata.* .gnu.linkonce.s.* D_2 D_1)
                0x00002e1e                . = ALIGN (0x2)
                0x00002e1e                _edata = .
                [!provide]                PROVIDE (edata, .)
                [!provide]                PROVIDE (__dataend, .)
                0x00004964                PROVIDE (__romdatastart, LOADADDR (.data))
                0x00000a1e                PROVIDE (__romdatacopysize, SIZEOF (.data))

.bss            0x00002e1e       0x3a load address 0x00005382
                0x00002e1e                . = ALIGN (0x2)
                0x00002e1e                PROVIDE (__bssstart, .)
 *(.lower.bss.* .lower.bss)
                0x00002e1e                . = ALIGN (0x2)
 *(.either.bss.* .either.bss)
 *(.dynbss)
 *(.sbss .sbss.*)
 *(.bss .bss.* .gnu.linkonce.b.*)
 .bss           0x00002e1e        0x0 c:/ti/ccsv6/tools/compiler/msp430-gcc-5.3.0.224_win32/msp430-gcc-5.3.0.224_win32/bin/../lib/gcc/msp430-elf/5.3.0/../../../../msp430-elf/lib/crt0.o
 .bss           0x00002e1e        0x0 c:/ti/ccsv6/tools/compiler/msp430-gcc-5.3.0.224_win32/msp430-gcc-5.3.0.224_win32/bin/../lib/gcc/msp430-elf/5.3.0/crtbegin.o
 .bss.completed.3106
                0x00002e1e        0x1 c:/ti/ccsv6/tools/compiler/msp430-gcc-5.3.0.224_win32/msp430-gcc-5.3.0.224_win32/bin/../lib/gcc/msp430-elf/5.3.0/crtbegin.o
 *fill*         0x00002e1f        0x1 
 .bss.dtor_idx.3108
                0x00002e20        0x2 c:/ti/ccsv6/tools/compiler/msp430-gcc-5.3.0.224_win32/msp430-gcc-5.3.0.224_win32/bin/../lib/gcc/msp430-elf/5.3.0/crtbegin.o
 .bss.object.3121
                0x00002e22        0xe c:/ti/ccsv6/tools/compiler/msp430-gcc-5.3.0.224_win32/msp430-gcc-5.3.0.224_win32/bin/../lib/gcc/msp430-elf/5.3.0/crtbegin.o
 .bss           0x00002e30        0x0 ./src/can.o
 .bss           0x00002e30        0x0 ./src/main.o
 .bss           0x00002e30        0x0 c:/ti/ccsv6/tools/compiler/msp430-gcc-5.3.0.224_win32/msp430-gcc-5.3.0.224_win32/bin/../lib/gcc/msp430-elf/5.3.0\libgcc.a(lib2divSI.o)
 .bss           0x00002e30        0x0 c:/ti/ccsv6/tools/compiler/msp430-gcc-5.3.0.224_win32/msp430-gcc-5.3.0.224_win32/bin/../lib/gcc/msp430-elf/5.3.0\libgcc.a(slli.o)
 .bss           0x00002e30        0x0 c:/ti/ccsv6/tools/compiler/msp430-gcc-5.3.0.224_win32/msp430-gcc-5.3.0.224_win32/bin/../lib/gcc/msp430-elf/5.3.0\libgcc.a(srai.o)
 .bss           0x00002e30        0x0 c:/ti/ccsv6/tools/compiler/msp430-gcc-5.3.0.224_win32/msp430-gcc-5.3.0.224_win32/bin/../lib/gcc/msp430-elf/5.3.0\libgcc.a(srli.o)
 .bss           0x00002e30        0x0 c:/ti/ccsv6/tools/compiler/msp430-gcc-5.3.0.224_win32/msp430-gcc-5.3.0.224_win32/bin/../lib/gcc/msp430-elf/5.3.0\libgcc.a(_udivdi3.o)
 .bss           0x00002e30        0x0 c:/ti/ccsv6/tools/compiler/msp430-gcc-5.3.0.224_win32/msp430-gcc-5.3.0.224_win32/bin/../lib/gcc/msp430-elf/5.3.0\libgcc.a(_lshrdi3.o)
 .bss           0x00002e30        0x0 c:/ti/ccsv6/tools/compiler/msp430-gcc-5.3.0.224_win32/msp430-gcc-5.3.0.224_win32/bin/../lib/gcc/msp430-elf/5.3.0\libgcc.a(_ashldi3.o)
 .bss           0x00002e30        0x0 c:/ti/ccsv6/tools/compiler/msp430-gcc-5.3.0.224_win32/msp430-gcc-5.3.0.224_win32/bin/../lib/gcc/msp430-elf/5.3.0\libgcc.a(_clzdi2.o)
 .bss           0x00002e30        0x0 c:/ti/ccsv6/tools/compiler/msp430-gcc-5.3.0.224_win32/msp430-gcc-5.3.0.224_win32/bin/../lib/gcc/msp430-elf/5.3.0\libgcc.a(_clz.o)
 .bss           0x00002e30        0x0 C:/RTBS_Students/Workspace/RTBS_BaseProject/libs/RTOS\libBase_RTOS_lib.a(core.o)
 .bss           0x00002e30        0x0 C:/RTBS_Students/Workspace/RTBS_BaseProject/libs/RTOS\libBase_RTOS_lib.a(kernel.o)
 .bss           0x00002e30        0x0 C:/RTBS_Students/Workspace/RTBS_BaseProject/libs/RTOS\libBase_RTOS_lib.a(timer.o)
 .bss           0x00002e30        0x0 C:/RTBS_Students/Workspace/RTBS_BaseProject/libs/RTOS\libBase_RTOS_lib.a(sysinfo.o)
 .bss           0x00002e30        0x1 C:/RTBS_Students/Workspace/RTBS_BaseProject/libs/RTOS\libBase_RTOS_lib.a(printfx.o)
 .bss           0x00002e31        0x0 C:/RTBS_Students/Workspace/RTBS_BaseProject/libs/RTOS\libBase_RTOS_lib.a(sysclk.o)
 .bss           0x00002e31        0x0 C:/RTBS_Students/Workspace/RTBS_BaseProject/libs/RTOS\libBase_RTOS_lib.a(uart_tx.o)
 .bss           0x00002e31        0x0 C:/RTBS_Students/Workspace/RTBS_BaseProject/libs/RTOS\libBase_RTOS_lib.a(pmm.o)
 .bss           0x00002e31        0x0 c:/ti/ccsv6/tools/compiler/msp430-gcc-5.3.0.224_win32/msp430-gcc-5.3.0.224_win32/bin/../lib/gcc/msp430-elf/5.3.0\libgcc.a(lib2divHI.o)
 .bss           0x00002e31        0x0 c:/ti/ccsv6/tools/compiler/msp430-gcc-5.3.0.224_win32/msp430-gcc-5.3.0.224_win32/bin/../lib/gcc/msp430-elf/5.3.0\libmul_f5.a(lib2hw_mul_f5.o)
 .bss           0x00002e31        0x0 c:/ti/ccsv6/tools/compiler/msp430-gcc-5.3.0.224_win32/msp430-gcc-5.3.0.224_win32/bin/../lib/gcc/msp430-elf/5.3.0/../../../../msp430-elf/lib\libc.a(lib_a-memset.o)
 .bss           0x00002e31        0x0 c:/ti/ccsv6/tools/compiler/msp430-gcc-5.3.0.224_win32/msp430-gcc-5.3.0.224_win32/bin/../lib/gcc/msp430-elf/5.3.0/../../../../msp430-elf/lib\libc.a(lib_a-puts.o)
 .bss           0x00002e31        0x0 c:/ti/ccsv6/tools/compiler/msp430-gcc-5.3.0.224_win32/msp430-gcc-5.3.0.224_win32/bin/../lib/gcc/msp430-elf/5.3.0/../../../../msp430-elf/lib\libc.a(lib_a-strlen.o)
 .bss           0x00002e31        0x0 c:/ti/ccsv6/tools/compiler/msp430-gcc-5.3.0.224_win32/msp430-gcc-5.3.0.224_win32/bin/../lib/gcc/msp430-elf/5.3.0/../../../../msp430-elf/lib\libc.a(lib_a-findfp.o)
 .bss           0x00002e31        0x0 c:/ti/ccsv6/tools/compiler/msp430-gcc-5.3.0.224_win32/msp430-gcc-5.3.0.224_win32/bin/../lib/gcc/msp430-elf/5.3.0/../../../../msp430-elf/lib\libc.a(lib_a-fvwrite.o)
 .bss           0x00002e31        0x0 c:/ti/ccsv6/tools/compiler/msp430-gcc-5.3.0.224_win32/msp430-gcc-5.3.0.224_win32/bin/../lib/gcc/msp430-elf/5.3.0/../../../../msp430-elf/lib\libc.a(lib_a-fwalk.o)
 .bss           0x00002e31        0x0 c:/ti/ccsv6/tools/compiler/msp430-gcc-5.3.0.224_win32/msp430-gcc-5.3.0.224_win32/bin/../lib/gcc/msp430-elf/5.3.0/../../../../msp430-elf/lib\libc.a(lib_a-impure.o)
 .bss           0x00002e31        0x0 c:/ti/ccsv6/tools/compiler/msp430-gcc-5.3.0.224_win32/msp430-gcc-5.3.0.224_win32/bin/../lib/gcc/msp430-elf/5.3.0/../../../../msp430-elf/lib\libc.a(lib_a-memchr.o)
 .bss           0x00002e31        0x0 c:/ti/ccsv6/tools/compiler/msp430-gcc-5.3.0.224_win32/msp430-gcc-5.3.0.224_win32/bin/../lib/gcc/msp430-elf/5.3.0/../../../../msp430-elf/lib\libc.a(lib_a-memcpy.o)
 .bss           0x00002e31        0x0 c:/ti/ccsv6/tools/compiler/msp430-gcc-5.3.0.224_win32/msp430-gcc-5.3.0.224_win32/bin/../lib/gcc/msp430-elf/5.3.0/../../../../msp430-elf/lib\libc.a(lib_a-memmove.o)
 .bss           0x00002e31        0x0 c:/ti/ccsv6/tools/compiler/msp430-gcc-5.3.0.224_win32/msp430-gcc-5.3.0.224_win32/bin/../lib/gcc/msp430-elf/5.3.0/../../../../msp430-elf/lib\libc.a(lib_a-nano-freer.o)
 .bss           0x00002e31        0x0 c:/ti/ccsv6/tools/compiler/msp430-gcc-5.3.0.224_win32/msp430-gcc-5.3.0.224_win32/bin/../lib/gcc/msp430-elf/5.3.0/../../../../msp430-elf/lib\libc.a(lib_a-nano-mallocr.o)
 *fill*         0x00002e31        0x1 
 .bss.__malloc_sbrk_start
                0x00002e32        0x2 c:/ti/ccsv6/tools/compiler/msp430-gcc-5.3.0.224_win32/msp430-gcc-5.3.0.224_win32/bin/../lib/gcc/msp430-elf/5.3.0/../../../../msp430-elf/lib\libc.a(lib_a-nano-mallocr.o)
                0x00002e32                __malloc_sbrk_start
 .bss.__malloc_free_list
                0x00002e34        0x2 c:/ti/ccsv6/tools/compiler/msp430-gcc-5.3.0.224_win32/msp430-gcc-5.3.0.224_win32/bin/../lib/gcc/msp430-elf/5.3.0/../../../../msp430-elf/lib\libc.a(lib_a-nano-mallocr.o)
                0x00002e34                __malloc_free_list
 .bss           0x00002e36        0x0 c:/ti/ccsv6/tools/compiler/msp430-gcc-5.3.0.224_win32/msp430-gcc-5.3.0.224_win32/bin/../lib/gcc/msp430-elf/5.3.0/../../../../msp430-elf/lib\libc.a(lib_a-nano-reallocr.o)
 .bss           0x00002e36        0x0 c:/ti/ccsv6/tools/compiler/msp430-gcc-5.3.0.224_win32/msp430-gcc-5.3.0.224_win32/bin/../lib/gcc/msp430-elf/5.3.0/../../../../msp430-elf/lib\libc.a(lib_a-sbrkr.o)
 .bss           0x00002e36        0x0 c:/ti/ccsv6/tools/compiler/msp430-gcc-5.3.0.224_win32/msp430-gcc-5.3.0.224_win32/bin/../lib/gcc/msp430-elf/5.3.0/../../../../msp430-elf/lib\libc.a(lib_a-stdio.o)
 .bss           0x00002e36        0x0 c:/ti/ccsv6/tools/compiler/msp430-gcc-5.3.0.224_win32/msp430-gcc-5.3.0.224_win32/bin/../lib/gcc/msp430-elf/5.3.0/../../../../msp430-elf/lib\libc.a(lib_a-writer.o)
 .bss           0x00002e36        0x0 c:/ti/ccsv6/tools/compiler/msp430-gcc-5.3.0.224_win32/msp430-gcc-5.3.0.224_win32/bin/../lib/gcc/msp430-elf/5.3.0/../../../../msp430-elf/lib\libc.a(lib_a-wsetup.o)
 .bss           0x00002e36        0x0 c:/ti/ccsv6/tools/compiler/msp430-gcc-5.3.0.224_win32/msp430-gcc-5.3.0.224_win32/bin/../lib/gcc/msp430-elf/5.3.0/../../../../msp430-elf/lib\libc.a(lib_a-closer.o)
 .bss           0x00002e36        0x0 c:/ti/ccsv6/tools/compiler/msp430-gcc-5.3.0.224_win32/msp430-gcc-5.3.0.224_win32/bin/../lib/gcc/msp430-elf/5.3.0/../../../../msp430-elf/lib\libc.a(lib_a-fclose.o)
 .bss           0x00002e36        0x0 c:/ti/ccsv6/tools/compiler/msp430-gcc-5.3.0.224_win32/msp430-gcc-5.3.0.224_win32/bin/../lib/gcc/msp430-elf/5.3.0/../../../../msp430-elf/lib\libc.a(lib_a-fflush.o)
 .bss           0x00002e36        0x0 c:/ti/ccsv6/tools/compiler/msp430-gcc-5.3.0.224_win32/msp430-gcc-5.3.0.224_win32/bin/../lib/gcc/msp430-elf/5.3.0/../../../../msp430-elf/lib\libc.a(lib_a-lseekr.o)
 .bss           0x00002e36        0x0 c:/ti/ccsv6/tools/compiler/msp430-gcc-5.3.0.224_win32/msp430-gcc-5.3.0.224_win32/bin/../lib/gcc/msp430-elf/5.3.0/../../../../msp430-elf/lib\libc.a(lib_a-makebuf.o)
 .bss           0x00002e36        0x0 c:/ti/ccsv6/tools/compiler/msp430-gcc-5.3.0.224_win32/msp430-gcc-5.3.0.224_win32/bin/../lib/gcc/msp430-elf/5.3.0/../../../../msp430-elf/lib\libc.a(lib_a-nano-msizer.o)
 .bss           0x00002e36        0x0 c:/ti/ccsv6/tools/compiler/msp430-gcc-5.3.0.224_win32/msp430-gcc-5.3.0.224_win32/bin/../lib/gcc/msp430-elf/5.3.0/../../../../msp430-elf/lib\libc.a(lib_a-readr.o)
 .bss           0x00002e36        0x0 c:/ti/ccsv6/tools/compiler/msp430-gcc-5.3.0.224_win32/msp430-gcc-5.3.0.224_win32/bin/../lib/gcc/msp430-elf/5.3.0/../../../../msp430-elf/lib\libc.a(lib_a-reent.o)
 .bss           0x00002e36        0x0 c:/ti/ccsv6/tools/compiler/msp430-gcc-5.3.0.224_win32/msp430-gcc-5.3.0.224_win32/bin/../lib/gcc/msp430-elf/5.3.0/../../../../msp430-elf/lib\libc.a(lib_a-fstatr.o)
 .bss           0x00002e36        0x0 c:/ti/ccsv6/tools/compiler/msp430-gcc-5.3.0.224_win32/msp430-gcc-5.3.0.224_win32/bin/../lib/gcc/msp430-elf/5.3.0/../../../../msp430-elf/lib\libc.a(lib_a-isattyr.o)
 .bss           0x00002e36        0x0 c:/ti/ccsv6/tools/compiler/msp430-gcc-5.3.0.224_win32/msp430-gcc-5.3.0.224_win32/bin/../lib/gcc/msp430-elf/5.3.0\libgcc.a(_muldi3.o)
 .bss           0x00002e36        0x0 c:/ti/ccsv6/tools/compiler/msp430-gcc-5.3.0.224_win32/msp430-gcc-5.3.0.224_win32/bin/../lib/gcc/msp430-elf/5.3.0/../../../../msp430-elf/lib\libcrt.a(crt_bss.o)
 .bss           0x00002e36        0x0 c:/ti/ccsv6/tools/compiler/msp430-gcc-5.3.0.224_win32/msp430-gcc-5.3.0.224_win32/bin/../lib/gcc/msp430-elf/5.3.0/../../../../msp430-elf/lib\libcrt.a(crt_movedata.o)
 .bss           0x00002e36        0x0 c:/ti/ccsv6/tools/compiler/msp430-gcc-5.3.0.224_win32/msp430-gcc-5.3.0.224_win32/bin/../lib/gcc/msp430-elf/5.3.0/../../../../msp430-elf/lib\libcrt.a(crt_main.o)
 .bss           0x00002e36        0x0 c:/ti/ccsv6/tools/compiler/msp430-gcc-5.3.0.224_win32/msp430-gcc-5.3.0.224_win32/bin/../lib/gcc/msp430-elf/5.3.0/../../../../msp430-elf/lib\libcrt.a(crt_callexit.o)
 .bss           0x00002e36        0x0 c:/ti/ccsv6/tools/compiler/msp430-gcc-5.3.0.224_win32/msp430-gcc-5.3.0.224_win32/bin/../lib/gcc/msp430-elf/5.3.0/../../../../msp430-elf/lib\libnosys.a(ciosyscalls.o)
 .bss           0x00002e36        0x0 c:/ti/ccsv6/tools/compiler/msp430-gcc-5.3.0.224_win32/msp430-gcc-5.3.0.224_win32/bin/../lib/gcc/msp430-elf/5.3.0/../../../../msp430-elf/lib\libnosys.a(write.o)
 .bss           0x00002e36        0x0 c:/ti/ccsv6/tools/compiler/msp430-gcc-5.3.0.224_win32/msp430-gcc-5.3.0.224_win32/bin/../lib/gcc/msp430-elf/5.3.0/../../../../msp430-elf/lib\libnosys.a(sbrk.o)
 .bss           0x00002e36        0x0 c:/ti/ccsv6/tools/compiler/msp430-gcc-5.3.0.224_win32/msp430-gcc-5.3.0.224_win32/bin/../lib/gcc/msp430-elf/5.3.0/../../../../msp430-elf/lib\libnosys.a(cio.o)
 .bss           0x00002e36        0x0 c:/ti/ccsv6/tools/compiler/msp430-gcc-5.3.0.224_win32/msp430-gcc-5.3.0.224_win32/bin/../lib/gcc/msp430-elf/5.3.0/../../../../msp430-elf/lib\libc.a(lib_a-abort.o)
 .bss           0x00002e36        0x0 c:/ti/ccsv6/tools/compiler/msp430-gcc-5.3.0.224_win32/msp430-gcc-5.3.0.224_win32/bin/../lib/gcc/msp430-elf/5.3.0/../../../../msp430-elf/lib\libc.a(lib_a-errno.o)
 .bss           0x00002e36        0x0 c:/ti/ccsv6/tools/compiler/msp430-gcc-5.3.0.224_win32/msp430-gcc-5.3.0.224_win32/bin/../lib/gcc/msp430-elf/5.3.0/../../../../msp430-elf/lib\libc.a(lib_a-signal.o)
 .bss           0x00002e36        0x0 c:/ti/ccsv6/tools/compiler/msp430-gcc-5.3.0.224_win32/msp430-gcc-5.3.0.224_win32/bin/../lib/gcc/msp430-elf/5.3.0/../../../../msp430-elf/lib\libc.a(lib_a-signalr.o)
 .bss           0x00002e36        0x0 c:/ti/ccsv6/tools/compiler/msp430-gcc-5.3.0.224_win32/msp430-gcc-5.3.0.224_win32/bin/../lib/gcc/msp430-elf/5.3.0/crtend.o
 .bss           0x00002e36        0x0 c:/ti/ccsv6/tools/compiler/msp430-gcc-5.3.0.224_win32/msp430-gcc-5.3.0.224_win32/bin/../lib/gcc/msp430-elf/5.3.0/../../../../msp430-elf/lib/crtn.o
                0x00002e36                . = ALIGN (0x2)
 *(COMMON)
 COMMON         0x00002e36        0xa ./src/can.o
                0x00002e36                CRC_Delimiter
                0x00002e38                CANConfig
 COMMON         0x00002e40        0x8 ./src/main.o
                0x00002e40                time
 COMMON         0x00002e48        0x5 C:/RTBS_Students/Workspace/RTBS_BaseProject/libs/RTOS\libBase_RTOS_lib.a(kernel.o)
                0x00002e48                os_sca
                0x00002e4a                os_sp
 *fill*         0x00002e4d        0x1 
 COMMON         0x00002e4e        0x8 C:/RTBS_Students/Workspace/RTBS_BaseProject/libs/RTOS\libBase_RTOS_lib.a(timer.o)
                0x00002e4e                os_timeline
 COMMON         0x00002e56        0x2 c:/ti/ccsv6/tools/compiler/msp430-gcc-5.3.0.224_win32/msp430-gcc-5.3.0.224_win32/bin/../lib/gcc/msp430-elf/5.3.0/../../../../msp430-elf/lib\libc.a(lib_a-reent.o)
                0x00002e56                errno
                [!provide]                PROVIDE (__bssend, .)
                0x0000003a                PROVIDE (__bsssize, SIZEOF (.bss))

.noinit         0x00002e58        0x0 load address 0x00005382
                0x00002e58                . = ALIGN (0x2)
                [!provide]                PROVIDE (__noinit_start, .)
 *(.noinit)
                0x00002e58                . = ALIGN (0x2)
                [!provide]                PROVIDE (__noinit_end, .)
                0x00002e58                _end = .
                0x00002e58                PROVIDE (end, .)

.stack          0x00004400        0x0
                0x00004400                PROVIDE (__stack, .)
 *(.stack)

.lowtext        0x00005382       0x6a
                0x00005382                PROVIDE (_start, .)
                0x00005382                . = ALIGN (0x2)
 *(SORT(.crt_*))
 .crt_0000start
                0x00005382        0x4 c:/ti/ccsv6/tools/compiler/msp430-gcc-5.3.0.224_win32/msp430-gcc-5.3.0.224_win32/bin/../lib/gcc/msp430-elf/5.3.0/../../../../msp430-elf/lib/crt0.o
                0x00005382                __crt0_start
 .crt_0100init_bss
                0x00005386        0xe c:/ti/ccsv6/tools/compiler/msp430-gcc-5.3.0.224_win32/msp430-gcc-5.3.0.224_win32/bin/../lib/gcc/msp430-elf/5.3.0/../../../../msp430-elf/lib\libcrt.a(crt_bss.o)
                0x00005386                __crt0_init_bss
 .crt_0300movedata
                0x00005394       0x14 c:/ti/ccsv6/tools/compiler/msp430-gcc-5.3.0.224_win32/msp430-gcc-5.3.0.224_win32/bin/../lib/gcc/msp430-elf/5.3.0/../../../../msp430-elf/lib\libcrt.a(crt_movedata.o)
                0x00005394                __crt0_movedata
 .crt_0700call_init_then_main
                0x000053a8        0xa c:/ti/ccsv6/tools/compiler/msp430-gcc-5.3.0.224_win32/msp430-gcc-5.3.0.224_win32/bin/../lib/gcc/msp430-elf/5.3.0/../../../../msp430-elf/lib\libcrt.a(crt_main.o)
                0x000053a8                __crt0_call_init_then_main
 .crt_0800call_exit
                0x000053b2        0x4 c:/ti/ccsv6/tools/compiler/msp430-gcc-5.3.0.224_win32/msp430-gcc-5.3.0.224_win32/bin/../lib/gcc/msp430-elf/5.3.0/../../../../msp430-elf/lib\libcrt.a(crt_callexit.o)
                0x000053b2                __crt0_call_exit
 .crt_0900main_init
                0x000053b6       0x36 c:/ti/ccsv6/tools/compiler/msp430-gcc-5.3.0.224_win32/msp430-gcc-5.3.0.224_win32/bin/../lib/gcc/msp430-elf/5.3.0/../../../../msp430-elf/lib/crt0.o
                0x000053b6                _msp430_run_init_array
                0x000053c2                _msp430_run_preinit_array
                0x000053ce                _msp430_run_fini_array
 *(.lowtext)

.text           0x000053ec     0x51fd
                0x000053ec                . = ALIGN (0x2)
 *(.lower.text.* .lower.text)
                0x000053ec                . = ALIGN (0x2)
 *(.text .stub .text.* .gnu.linkonce.t.* .text:*)
 .text          0x000053ec        0x0 c:/ti/ccsv6/tools/compiler/msp430-gcc-5.3.0.224_win32/msp430-gcc-5.3.0.224_win32/bin/../lib/gcc/msp430-elf/5.3.0/../../../../msp430-elf/lib/crt0.o
 .text          0x000053ec        0x4 c:/ti/ccsv6/tools/compiler/msp430-gcc-5.3.0.224_win32/msp430-gcc-5.3.0.224_win32/bin/../lib/gcc/msp430-elf/5.3.0/crtbegin.o
 .text.deregister_tm_clones
                0x000053f0       0x1e c:/ti/ccsv6/tools/compiler/msp430-gcc-5.3.0.224_win32/msp430-gcc-5.3.0.224_win32/bin/../lib/gcc/msp430-elf/5.3.0/crtbegin.o
 .text.register_tm_clones
                0x0000540e       0x2a c:/ti/ccsv6/tools/compiler/msp430-gcc-5.3.0.224_win32/msp430-gcc-5.3.0.224_win32/bin/../lib/gcc/msp430-elf/5.3.0/crtbegin.o
 .text.__do_global_dtors_aux
                0x00005438       0x4a c:/ti/ccsv6/tools/compiler/msp430-gcc-5.3.0.224_win32/msp430-gcc-5.3.0.224_win32/bin/../lib/gcc/msp430-elf/5.3.0/crtbegin.o
 .text.call___do_global_dtors_aux
                0x00005482        0x0 c:/ti/ccsv6/tools/compiler/msp430-gcc-5.3.0.224_win32/msp430-gcc-5.3.0.224_win32/bin/../lib/gcc/msp430-elf/5.3.0/crtbegin.o
 .text.frame_dummy
                0x00005482       0x2c c:/ti/ccsv6/tools/compiler/msp430-gcc-5.3.0.224_win32/msp430-gcc-5.3.0.224_win32/bin/../lib/gcc/msp430-elf/5.3.0/crtbegin.o
 .text.call_frame_dummy
                0x000054ae        0x0 c:/ti/ccsv6/tools/compiler/msp430-gcc-5.3.0.224_win32/msp430-gcc-5.3.0.224_win32/bin/../lib/gcc/msp430-elf/5.3.0/crtbegin.o
 .text          0x000054ae     0x1644 ./src/can.o
                0x000054ae                setBit
                0x00005502                clearBit
                0x0000555a                testBit
                0x000055aa                writeBuffer
                0x00005640                readBuffer
                0x000056b4                CAN_shiftReg
                0x00005766                CAN_createCRC
                0x00005844                CAN_init
                0x000058d6                CAN_setBaudrate
                0x0000590a                CAN_sendBit
                0x00005a30                CAN_recvBit
                0x00005b0e                CAN_createFrame
                0x00005d9a                CAN_sendFrame
                0x0000634a                CAN_trySendFrame
                0x000063de                CAN_receiveFrame
                0x00006948                CAN_decodeFrame
 .text          0x00006af2      0x396 ./src/main.o
                0x00006af2                sendTask
                0x00006c9a                recvTask
                0x00006d38                hwirq_48
                0x00006d3e                port1_isr
                0x00006d82                hwirq_43
                0x00006d88                port2_isr
                0x00006db8                main
 .text          0x00006e88        0x2 c:/ti/ccsv6/tools/compiler/msp430-gcc-5.3.0.224_win32/msp430-gcc-5.3.0.224_win32/bin/../lib/gcc/msp430-elf/5.3.0\libgcc.a(lib2divSI.o)
                0x00006e88                __mspabi_divllu
 .text.udivmodsi4
                0x00006e8a       0x82 c:/ti/ccsv6/tools/compiler/msp430-gcc-5.3.0.224_win32/msp430-gcc-5.3.0.224_win32/bin/../lib/gcc/msp430-elf/5.3.0\libgcc.a(lib2divSI.o)
                0x00006e8a                udivmodsi4
 .text.__divsi3
                0x00006f0c       0x74 c:/ti/ccsv6/tools/compiler/msp430-gcc-5.3.0.224_win32/msp430-gcc-5.3.0.224_win32/bin/../lib/gcc/msp430-elf/5.3.0\libgcc.a(lib2divSI.o)
                0x00006f0c                __mspabi_divli
 .text.__modsi3
                0x00006f80       0x56 c:/ti/ccsv6/tools/compiler/msp430-gcc-5.3.0.224_win32/msp430-gcc-5.3.0.224_win32/bin/../lib/gcc/msp430-elf/5.3.0\libgcc.a(lib2divSI.o)
                0x00006f80                __mspabi_remli
 .text.__udivsi3
                0x00006fd6        0xe c:/ti/ccsv6/tools/compiler/msp430-gcc-5.3.0.224_win32/msp430-gcc-5.3.0.224_win32/bin/../lib/gcc/msp430-elf/5.3.0\libgcc.a(lib2divSI.o)
                0x00006fd6                __mspabi_divlu
                0x00006fd6                __mspabi_divul
 .text.__umodsi3
                0x00006fe4        0xe c:/ti/ccsv6/tools/compiler/msp430-gcc-5.3.0.224_win32/msp430-gcc-5.3.0.224_win32/bin/../lib/gcc/msp430-elf/5.3.0\libgcc.a(lib2divSI.o)
                0x00006fe4                __mspabi_remul
 .text          0x00006ff2       0x74 c:/ti/ccsv6/tools/compiler/msp430-gcc-5.3.0.224_win32/msp430-gcc-5.3.0.224_win32/bin/../lib/gcc/msp430-elf/5.3.0\libgcc.a(slli.o)
                0x00006ff2                __mspabi_slli_15
                0x00006ff4                __mspabi_slli_14
                0x00006ff6                __mspabi_slli_13
                0x00006ff8                __mspabi_slli_12
                0x00006ffa                __mspabi_slli_11
                0x00006ffc                __mspabi_slli_10
                0x00006ffe                __mspabi_slli_9
                0x00007000                __mspabi_slli_8
                0x00007002                __mspabi_slli_7
                0x00007004                __mspabi_slli_6
                0x00007006                __mspabi_slli_5
                0x00007008                __mspabi_slli_4
                0x0000700a                __mspabi_slli_3
                0x0000700c                __mspabi_slli_2
                0x0000700e                __mspabi_slli_1
                0x00007016                __mspabi_slli
                0x0000701c                __mspabi_slll_15
                0x00007020                __mspabi_slll_14
                0x00007024                __mspabi_slll_13
                0x00007028                __mspabi_slll_12
                0x0000702c                __mspabi_slll_11
                0x00007030                __mspabi_slll_10
                0x00007034                __mspabi_slll_9
                0x00007038                __mspabi_slll_8
                0x0000703c                __mspabi_slll_7
                0x00007040                __mspabi_slll_6
                0x00007044                __mspabi_slll_5
                0x00007048                __mspabi_slll_4
                0x0000704c                __mspabi_slll_3
                0x00007050                __mspabi_slll_2
                0x00007054                __mspabi_slll_1
                0x00007060                __mspabi_slll
 .text          0x00007066       0x74 c:/ti/ccsv6/tools/compiler/msp430-gcc-5.3.0.224_win32/msp430-gcc-5.3.0.224_win32/bin/../lib/gcc/msp430-elf/5.3.0\libgcc.a(srai.o)
                0x00007066                __mspabi_srai_15
                0x00007068                __mspabi_srai_14
                0x0000706a                __mspabi_srai_13
                0x0000706c                __mspabi_srai_12
                0x0000706e                __mspabi_srai_11
                0x00007070                __mspabi_srai_10
                0x00007072                __mspabi_srai_9
                0x00007074                __mspabi_srai_8
                0x00007076                __mspabi_srai_7
                0x00007078                __mspabi_srai_6
                0x0000707a                __mspabi_srai_5
                0x0000707c                __mspabi_srai_4
                0x0000707e                __mspabi_srai_3
                0x00007080                __mspabi_srai_2
                0x00007082                __mspabi_srai_1
                0x0000708a                __mspabi_srai
                0x00007090                __mspabi_sral_15
                0x00007094                __mspabi_sral_14
                0x00007098                __mspabi_sral_13
                0x0000709c                __mspabi_sral_12
                0x000070a0                __mspabi_sral_11
                0x000070a4                __mspabi_sral_10
                0x000070a8                __mspabi_sral_9
                0x000070ac                __mspabi_sral_8
                0x000070b0                __mspabi_sral_7
                0x000070b4                __mspabi_sral_6
                0x000070b8                __mspabi_sral_5
                0x000070bc                __mspabi_sral_4
                0x000070c0                __mspabi_sral_3
                0x000070c4                __mspabi_sral_2
                0x000070c8                __mspabi_sral_1
                0x000070d4                __mspabi_sral
 .text          0x000070da       0xb4 c:/ti/ccsv6/tools/compiler/msp430-gcc-5.3.0.224_win32/msp430-gcc-5.3.0.224_win32/bin/../lib/gcc/msp430-elf/5.3.0\libgcc.a(srli.o)
                0x000070da                __mspabi_srli_15
                0x000070de                __mspabi_srli_14
                0x000070e2                __mspabi_srli_13
                0x000070e6                __mspabi_srli_12
                0x000070ea                __mspabi_srli_11
                0x000070ee                __mspabi_srli_10
                0x000070f2                __mspabi_srli_9
                0x000070f6                __mspabi_srli_8
                0x000070fa                __mspabi_srli_7
                0x000070fe                __mspabi_srli_6
                0x00007102                __mspabi_srli_5
                0x00007106                __mspabi_srli_4
                0x0000710a                __mspabi_srli_3
                0x0000710e                __mspabi_srli_2
                0x00007112                __mspabi_srli_1
                0x0000711e                __mspabi_srli
                0x00007124                __mspabi_srll_15
                0x0000712a                __mspabi_srll_14
                0x00007130                __mspabi_srll_13
                0x00007136                __mspabi_srll_12
                0x0000713c                __mspabi_srll_11
                0x00007142                __mspabi_srll_10
                0x00007148                __mspabi_srll_9
                0x0000714e                __mspabi_srll_8
                0x00007154                __mspabi_srll_7
                0x0000715a                __mspabi_srll_6
                0x00007160                __mspabi_srll_5
                0x00007166                __mspabi_srll_4
                0x0000716c                __mspabi_srll_3
                0x00007172                __mspabi_srll_2
                0x00007178                __mspabi_srll_1
                0x00007188                __mspabi_srll
 .text          0x0000718e        0x0 c:/ti/ccsv6/tools/compiler/msp430-gcc-5.3.0.224_win32/msp430-gcc-5.3.0.224_win32/bin/../lib/gcc/msp430-elf/5.3.0\libgcc.a(_udivdi3.o)
 .text.__udivdi3
                0x0000718e      0x3a8 c:/ti/ccsv6/tools/compiler/msp430-gcc-5.3.0.224_win32/msp430-gcc-5.3.0.224_win32/bin/../lib/gcc/msp430-elf/5.3.0\libgcc.a(_udivdi3.o)
                0x0000718e                __mspabi_divull
 .text          0x00007536        0x0 c:/ti/ccsv6/tools/compiler/msp430-gcc-5.3.0.224_win32/msp430-gcc-5.3.0.224_win32/bin/../lib/gcc/msp430-elf/5.3.0\libgcc.a(_lshrdi3.o)
 .text.__lshrdi3
                0x00007536       0x80 c:/ti/ccsv6/tools/compiler/msp430-gcc-5.3.0.224_win32/msp430-gcc-5.3.0.224_win32/bin/../lib/gcc/msp430-elf/5.3.0\libgcc.a(_lshrdi3.o)
                0x00007536                __lshrdi3
 .text          0x000075b6        0x0 c:/ti/ccsv6/tools/compiler/msp430-gcc-5.3.0.224_win32/msp430-gcc-5.3.0.224_win32/bin/../lib/gcc/msp430-elf/5.3.0\libgcc.a(_ashldi3.o)
 .text.__ashldi3
                0x000075b6       0x88 c:/ti/ccsv6/tools/compiler/msp430-gcc-5.3.0.224_win32/msp430-gcc-5.3.0.224_win32/bin/../lib/gcc/msp430-elf/5.3.0\libgcc.a(_ashldi3.o)
                0x000075b6                __ashldi3
 .text          0x0000763e        0x0 c:/ti/ccsv6/tools/compiler/msp430-gcc-5.3.0.224_win32/msp430-gcc-5.3.0.224_win32/bin/../lib/gcc/msp430-elf/5.3.0\libgcc.a(_clzdi2.o)
 .text.__clzdi2
                0x0000763e       0x56 c:/ti/ccsv6/tools/compiler/msp430-gcc-5.3.0.224_win32/msp430-gcc-5.3.0.224_win32/bin/../lib/gcc/msp430-elf/5.3.0\libgcc.a(_clzdi2.o)
                0x0000763e                __clzdi2
 .text          0x00007694        0x0 c:/ti/ccsv6/tools/compiler/msp430-gcc-5.3.0.224_win32/msp430-gcc-5.3.0.224_win32/bin/../lib/gcc/msp430-elf/5.3.0\libgcc.a(_clz.o)
 .text          0x00007694      0x108 C:/RTBS_Students/Workspace/RTBS_BaseProject/libs/RTOS\libBase_RTOS_lib.a(core.o)
                0x00007694                syscall_setEvent
                0x000076a8                syscall_mystery
                0x000076bc                syscall_CAS
                0x000076d0                syscall_waitEventUntil
                0x000076e4                syscall_getResource
                0x000076f8                syscall_releaseResource
                0x0000770c                __hwirq_53
                0x0000771e                __hwirq_43
                0x00007730                __hwirq_48
                0x0000777c                os_dispatcher
 .text          0x0000779c      0x8b8 C:/RTBS_Students/Workspace/RTBS_BaseProject/libs/RTOS\libBase_RTOS_lib.a(kernel.o)
                0x0000779c                TaskIdle
                0x0000779e                registerResources
                0x000077a0                OSPanic
                0x000077bc                insert_into_memberlist
                0x000078a0                os_initTasks
                0x0000793a                os_run
                0x00007984                remove_from_memberlist
                0x00007a2e                insert_into_timeout_queue
                0x00007b28                remove_from_timeout_queue
                0x00007bba                waitEventUntil
                0x00007bc0                waitEventFor
                0x00007c2c                waitEvent
                0x00007c34                setEvent
                0x00007c3a                clearEvent
                0x00007c40                checkEvent
                0x00007c4e                sleep
                0x00007cb8                sleepUntil
                0x00007cc2                busyDelayUntil
                0x00007d0c                busyDelay
                0x00007d74                getResource
                0x00007d7a                releaseResource
                0x00007d80                __syscall_mystery
                0x00007db8                __syscall_CAS
                0x00007dd2                __syscall_waitEventUntil
                0x00007ee4                __syscall_setEvent
                0x00007f22                __syscall_getResource
                0x00007f9c                __syscall_releaseResource
 .text          0x00008054      0x34a C:/RTBS_Students/Workspace/RTBS_BaseProject/libs/RTOS\libBase_RTOS_lib.a(timer.o)
                0x00008054                os_initSystemTimer
                0x0000810e                getCurrentTime
                0x00008158                schedule
                0x000082ba                updateTimer
                0x00008394                os_timerISR
                0x0000839a                hwirq_53
 .text          0x0000839e      0x176 C:/RTBS_Students/Workspace/RTBS_BaseProject/libs/RTOS\libBase_RTOS_lib.a(sysinfo.o)
                0x0000839e                os_printReadyQueue
                0x000083f4                os_printSystemInformation
 .text          0x00008514      0x730 C:/RTBS_Students/Workspace/RTBS_BaseProject/libs/RTOS\libBase_RTOS_lib.a(printfx.o)
                0x00008538                printfSetStreamwriter
                0x0000854a                printfSetGroupseparator
                0x00008550                printfSetVerbosity
                0x00008556                printfGetVerbosity
                0x0000855c                printfzString
                0x000085a4                printf
                0x00008c36                printfx
 .text          0x00008c44      0x178 C:/RTBS_Students/Workspace/RTBS_BaseProject/libs/RTOS\libBase_RTOS_lib.a(sysclk.o)
                0x00008c44                sysclk_setClocks
                0x00008db2                sysclk_getSMCLK
 .text          0x00008dbc       0xc8 C:/RTBS_Students/Workspace/RTBS_BaseProject/libs/RTOS\libBase_RTOS_lib.a(uart_tx.o)
                0x00008dbc                putchar
                0x00008dd0                UART_write
                0x00008df2                UART_clearScreen
                0x00008dfa                UART_setConfig
 .text          0x00008e84      0x17a C:/RTBS_Students/Workspace/RTBS_BaseProject/libs/RTOS\libBase_RTOS_lib.a(pmm.o)
                0x00008e84                PMM_setVCore
 .text          0x00008ffe        0x0 c:/ti/ccsv6/tools/compiler/msp430-gcc-5.3.0.224_win32/msp430-gcc-5.3.0.224_win32/bin/../lib/gcc/msp430-elf/5.3.0\libgcc.a(lib2divHI.o)
 .text.udivmodhi4
                0x00008ffe       0x3a c:/ti/ccsv6/tools/compiler/msp430-gcc-5.3.0.224_win32/msp430-gcc-5.3.0.224_win32/bin/../lib/gcc/msp430-elf/5.3.0\libgcc.a(lib2divHI.o)
                0x00008ffe                udivmodhi4
 .text.__divhi3
                0x00009038       0x46 c:/ti/ccsv6/tools/compiler/msp430-gcc-5.3.0.224_win32/msp430-gcc-5.3.0.224_win32/bin/../lib/gcc/msp430-elf/5.3.0\libgcc.a(lib2divHI.o)
                0x00009038                __mspabi_divi
 .text.__modhi3
                0x0000907e       0x30 c:/ti/ccsv6/tools/compiler/msp430-gcc-5.3.0.224_win32/msp430-gcc-5.3.0.224_win32/bin/../lib/gcc/msp430-elf/5.3.0\libgcc.a(lib2divHI.o)
                0x0000907e                __mspabi_remi
 .text.__udivhi3
                0x000090ae        0x8 c:/ti/ccsv6/tools/compiler/msp430-gcc-5.3.0.224_win32/msp430-gcc-5.3.0.224_win32/bin/../lib/gcc/msp430-elf/5.3.0\libgcc.a(lib2divHI.o)
                0x000090ae                __mspabi_divu
 .text.__umodhi3
                0x000090b6        0x8 c:/ti/ccsv6/tools/compiler/msp430-gcc-5.3.0.224_win32/msp430-gcc-5.3.0.224_win32/bin/../lib/gcc/msp430-elf/5.3.0\libgcc.a(lib2divHI.o)
                0x000090b6                __mspabi_remu
 .text          0x000090be        0x0 c:/ti/ccsv6/tools/compiler/msp430-gcc-5.3.0.224_win32/msp430-gcc-5.3.0.224_win32/bin/../lib/gcc/msp430-elf/5.3.0\libmul_f5.a(lib2hw_mul_f5.o)
 .text.__mulhi2_f5
                0x000090be       0x14 c:/ti/ccsv6/tools/compiler/msp430-gcc-5.3.0.224_win32/msp430-gcc-5.3.0.224_win32/bin/../lib/gcc/msp430-elf/5.3.0\libmul_f5.a(lib2hw_mul_f5.o)
                0x000090be                __mspabi_mpyi_f5hw
                0x000090be                __mspabi_mpyi
                0x000090be                __mulhi2_f5
 .text.__mulsihi2
                0x000090d2       0x18 c:/ti/ccsv6/tools/compiler/msp430-gcc-5.3.0.224_win32/msp430-gcc-5.3.0.224_win32/bin/../lib/gcc/msp430-elf/5.3.0\libmul_f5.a(lib2hw_mul_f5.o)
                0x000090d2                __mspabi_mpysl
                0x000090d2                __mspabi_mpysl_f5hw
                0x000090d2                __mulsihi2
 .text.__umulsihi2
                0x000090ea       0x18 c:/ti/ccsv6/tools/compiler/msp430-gcc-5.3.0.224_win32/msp430-gcc-5.3.0.224_win32/bin/../lib/gcc/msp430-elf/5.3.0\libmul_f5.a(lib2hw_mul_f5.o)
                0x000090ea                __mspabi_mpyul
                0x000090ea                __umulsihi2
                0x000090ea                _mspabi_mpyul_f5hw
 .text.__mulsi2_f5
                0x00009102       0x20 c:/ti/ccsv6/tools/compiler/msp430-gcc-5.3.0.224_win32/msp430-gcc-5.3.0.224_win32/bin/../lib/gcc/msp430-elf/5.3.0\libmul_f5.a(lib2hw_mul_f5.o)
                0x00009102                __mspabi_mpyl_f5hw
                0x00009102                __mulsi2_f5
                0x00009102                __mspabi_mpyl
 .text.__muldisi2
                0x00009122       0x28 c:/ti/ccsv6/tools/compiler/msp430-gcc-5.3.0.224_win32/msp430-gcc-5.3.0.224_win32/bin/../lib/gcc/msp430-elf/5.3.0\libmul_f5.a(lib2hw_mul_f5.o)
                0x00009122                __muldisi2
                0x00009122                __mspabi_mpysll
                0x00009122                __mspabi_mpysll_f5hw
 .text.__umuldisi2
                0x0000914a       0x28 c:/ti/ccsv6/tools/compiler/msp430-gcc-5.3.0.224_win32/msp430-gcc-5.3.0.224_win32/bin/../lib/gcc/msp430-elf/5.3.0\libmul_f5.a(lib2hw_mul_f5.o)
                0x0000914a                __umuldisi2
                0x0000914a                __mspabi_mpyull
                0x0000914a                __mspabi_mpyull_f5hw
 .text.__muldi3
                0x00009172        0x4 c:/ti/ccsv6/tools/compiler/msp430-gcc-5.3.0.224_win32/msp430-gcc-5.3.0.224_win32/bin/../lib/gcc/msp430-elf/5.3.0\libmul_f5.a(lib2hw_mul_f5.o)
                0x00009172                __muldi3
                0x00009172                __mspabi_mpyll_f5hw
 .text          0x00009176        0x0 c:/ti/ccsv6/tools/compiler/msp430-gcc-5.3.0.224_win32/msp430-gcc-5.3.0.224_win32/bin/../lib/gcc/msp430-elf/5.3.0/../../../../msp430-elf/lib\libc.a(lib_a-memset.o)
 .text.memset   0x00009176       0x12 c:/ti/ccsv6/tools/compiler/msp430-gcc-5.3.0.224_win32/msp430-gcc-5.3.0.224_win32/bin/../lib/gcc/msp430-elf/5.3.0/../../../../msp430-elf/lib\libc.a(lib_a-memset.o)
                0x00009176                memset
 .text          0x00009188        0x0 c:/ti/ccsv6/tools/compiler/msp430-gcc-5.3.0.224_win32/msp430-gcc-5.3.0.224_win32/bin/../lib/gcc/msp430-elf/5.3.0/../../../../msp430-elf/lib\libc.a(lib_a-puts.o)
 .text._puts_r  0x00009188       0x84 c:/ti/ccsv6/tools/compiler/msp430-gcc-5.3.0.224_win32/msp430-gcc-5.3.0.224_win32/bin/../lib/gcc/msp430-elf/5.3.0/../../../../msp430-elf/lib\libc.a(lib_a-puts.o)
                0x00009188                _puts_r
 .text.puts     0x0000920c        0xc c:/ti/ccsv6/tools/compiler/msp430-gcc-5.3.0.224_win32/msp430-gcc-5.3.0.224_win32/bin/../lib/gcc/msp430-elf/5.3.0/../../../../msp430-elf/lib\libc.a(lib_a-puts.o)
                0x0000920c                puts
 .text          0x00009218        0x0 c:/ti/ccsv6/tools/compiler/msp430-gcc-5.3.0.224_win32/msp430-gcc-5.3.0.224_win32/bin/../lib/gcc/msp430-elf/5.3.0/../../../../msp430-elf/lib\libc.a(lib_a-strlen.o)
 .text.strlen   0x00009218       0x12 c:/ti/ccsv6/tools/compiler/msp430-gcc-5.3.0.224_win32/msp430-gcc-5.3.0.224_win32/bin/../lib/gcc/msp430-elf/5.3.0/../../../../msp430-elf/lib\libc.a(lib_a-strlen.o)
                0x00009218                strlen
 .text          0x0000922a        0x0 c:/ti/ccsv6/tools/compiler/msp430-gcc-5.3.0.224_win32/msp430-gcc-5.3.0.224_win32/bin/../lib/gcc/msp430-elf/5.3.0/../../../../msp430-elf/lib\libc.a(lib_a-findfp.o)
 .text.__fp_unlock
                0x0000922a        0x4 c:/ti/ccsv6/tools/compiler/msp430-gcc-5.3.0.224_win32/msp430-gcc-5.3.0.224_win32/bin/../lib/gcc/msp430-elf/5.3.0/../../../../msp430-elf/lib\libc.a(lib_a-findfp.o)
 .text._cleanup_r
                0x0000922e        0xa c:/ti/ccsv6/tools/compiler/msp430-gcc-5.3.0.224_win32/msp430-gcc-5.3.0.224_win32/bin/../lib/gcc/msp430-elf/5.3.0/../../../../msp430-elf/lib\libc.a(lib_a-findfp.o)
                0x0000922e                _cleanup_r
 .text.std.isra.0
                0x00009238       0x56 c:/ti/ccsv6/tools/compiler/msp430-gcc-5.3.0.224_win32/msp430-gcc-5.3.0.224_win32/bin/../lib/gcc/msp430-elf/5.3.0/../../../../msp430-elf/lib\libc.a(lib_a-findfp.o)
 .text.__fp_lock
                0x0000928e        0x4 c:/ti/ccsv6/tools/compiler/msp430-gcc-5.3.0.224_win32/msp430-gcc-5.3.0.224_win32/bin/../lib/gcc/msp430-elf/5.3.0/../../../../msp430-elf/lib\libc.a(lib_a-findfp.o)
 .text.__sfmoreglue
                0x00009292       0x46 c:/ti/ccsv6/tools/compiler/msp430-gcc-5.3.0.224_win32/msp430-gcc-5.3.0.224_win32/bin/../lib/gcc/msp430-elf/5.3.0/../../../../msp430-elf/lib\libc.a(lib_a-findfp.o)
                0x00009292                __sfmoreglue
 .text._cleanup
                0x000092d8        0xa c:/ti/ccsv6/tools/compiler/msp430-gcc-5.3.0.224_win32/msp430-gcc-5.3.0.224_win32/bin/../lib/gcc/msp430-elf/5.3.0/../../../../msp430-elf/lib\libc.a(lib_a-findfp.o)
                0x000092d8                _cleanup
 .text.__sinit  0x000092e2       0x70 c:/ti/ccsv6/tools/compiler/msp430-gcc-5.3.0.224_win32/msp430-gcc-5.3.0.224_win32/bin/../lib/gcc/msp430-elf/5.3.0/../../../../msp430-elf/lib\libc.a(lib_a-findfp.o)
                0x000092e2                __sinit
 .text.__sfp    0x00009352       0xaa c:/ti/ccsv6/tools/compiler/msp430-gcc-5.3.0.224_win32/msp430-gcc-5.3.0.224_win32/bin/../lib/gcc/msp430-elf/5.3.0/../../../../msp430-elf/lib\libc.a(lib_a-findfp.o)
                0x00009352                __sfp
 .text.__sfp_lock_acquire
                0x000093fc        0x2 c:/ti/ccsv6/tools/compiler/msp430-gcc-5.3.0.224_win32/msp430-gcc-5.3.0.224_win32/bin/../lib/gcc/msp430-elf/5.3.0/../../../../msp430-elf/lib\libc.a(lib_a-findfp.o)
                0x000093fc                __sfp_lock_acquire
 .text.__sfp_lock_release
                0x000093fe        0x2 c:/ti/ccsv6/tools/compiler/msp430-gcc-5.3.0.224_win32/msp430-gcc-5.3.0.224_win32/bin/../lib/gcc/msp430-elf/5.3.0/../../../../msp430-elf/lib\libc.a(lib_a-findfp.o)
                0x000093fe                __sfp_lock_release
 .text.__sinit_lock_acquire
                0x00009400        0x2 c:/ti/ccsv6/tools/compiler/msp430-gcc-5.3.0.224_win32/msp430-gcc-5.3.0.224_win32/bin/../lib/gcc/msp430-elf/5.3.0/../../../../msp430-elf/lib\libc.a(lib_a-findfp.o)
                0x00009400                __sinit_lock_acquire
 .text.__sinit_lock_release
                0x00009402        0x2 c:/ti/ccsv6/tools/compiler/msp430-gcc-5.3.0.224_win32/msp430-gcc-5.3.0.224_win32/bin/../lib/gcc/msp430-elf/5.3.0/../../../../msp430-elf/lib\libc.a(lib_a-findfp.o)
                0x00009402                __sinit_lock_release
 .text.__fp_lock_all
                0x00009404        0xe c:/ti/ccsv6/tools/compiler/msp430-gcc-5.3.0.224_win32/msp430-gcc-5.3.0.224_win32/bin/../lib/gcc/msp430-elf/5.3.0/../../../../msp430-elf/lib\libc.a(lib_a-findfp.o)
                0x00009404                __fp_lock_all
 .text.__fp_unlock_all
                0x00009412        0xe c:/ti/ccsv6/tools/compiler/msp430-gcc-5.3.0.224_win32/msp430-gcc-5.3.0.224_win32/bin/../lib/gcc/msp430-elf/5.3.0/../../../../msp430-elf/lib\libc.a(lib_a-findfp.o)
                0x00009412                __fp_unlock_all
 .text          0x00009420        0x0 c:/ti/ccsv6/tools/compiler/msp430-gcc-5.3.0.224_win32/msp430-gcc-5.3.0.224_win32/bin/../lib/gcc/msp430-elf/5.3.0/../../../../msp430-elf/lib\libc.a(lib_a-fvwrite.o)
 .text.__sfvwrite_r
                0x00009420      0x2f4 c:/ti/ccsv6/tools/compiler/msp430-gcc-5.3.0.224_win32/msp430-gcc-5.3.0.224_win32/bin/../lib/gcc/msp430-elf/5.3.0/../../../../msp430-elf/lib\libc.a(lib_a-fvwrite.o)
                0x00009420                __sfvwrite_r
 .text          0x00009714        0x0 c:/ti/ccsv6/tools/compiler/msp430-gcc-5.3.0.224_win32/msp430-gcc-5.3.0.224_win32/bin/../lib/gcc/msp430-elf/5.3.0/../../../../msp430-elf/lib\libc.a(lib_a-fwalk.o)
 .text._fwalk   0x00009714       0x48 c:/ti/ccsv6/tools/compiler/msp430-gcc-5.3.0.224_win32/msp430-gcc-5.3.0.224_win32/bin/../lib/gcc/msp430-elf/5.3.0/../../../../msp430-elf/lib\libc.a(lib_a-fwalk.o)
                0x00009714                _fwalk
 .text._fwalk_reent
                0x0000975c       0x4c c:/ti/ccsv6/tools/compiler/msp430-gcc-5.3.0.224_win32/msp430-gcc-5.3.0.224_win32/bin/../lib/gcc/msp430-elf/5.3.0/../../../../msp430-elf/lib\libc.a(lib_a-fwalk.o)
                0x0000975c                _fwalk_reent
 .text          0x000097a8        0x0 c:/ti/ccsv6/tools/compiler/msp430-gcc-5.3.0.224_win32/msp430-gcc-5.3.0.224_win32/bin/../lib/gcc/msp430-elf/5.3.0/../../../../msp430-elf/lib\libc.a(lib_a-impure.o)
 .text          0x000097a8        0x0 c:/ti/ccsv6/tools/compiler/msp430-gcc-5.3.0.224_win32/msp430-gcc-5.3.0.224_win32/bin/../lib/gcc/msp430-elf/5.3.0/../../../../msp430-elf/lib\libc.a(lib_a-memchr.o)
 .text.memchr   0x000097a8       0x18 c:/ti/ccsv6/tools/compiler/msp430-gcc-5.3.0.224_win32/msp430-gcc-5.3.0.224_win32/bin/../lib/gcc/msp430-elf/5.3.0/../../../../msp430-elf/lib\libc.a(lib_a-memchr.o)
                0x000097a8                memchr
 .text          0x000097c0        0x0 c:/ti/ccsv6/tools/compiler/msp430-gcc-5.3.0.224_win32/msp430-gcc-5.3.0.224_win32/bin/../lib/gcc/msp430-elf/5.3.0/../../../../msp430-elf/lib\libc.a(lib_a-memcpy.o)
 .text.memcpy   0x000097c0       0x14 c:/ti/ccsv6/tools/compiler/msp430-gcc-5.3.0.224_win32/msp430-gcc-5.3.0.224_win32/bin/../lib/gcc/msp430-elf/5.3.0/../../../../msp430-elf/lib\libc.a(lib_a-memcpy.o)
                0x000097c0                memcpy
 .text          0x000097d4        0x0 c:/ti/ccsv6/tools/compiler/msp430-gcc-5.3.0.224_win32/msp430-gcc-5.3.0.224_win32/bin/../lib/gcc/msp430-elf/5.3.0/../../../../msp430-elf/lib\libc.a(lib_a-memmove.o)
 .text.memmove  0x000097d4       0x3a c:/ti/ccsv6/tools/compiler/msp430-gcc-5.3.0.224_win32/msp430-gcc-5.3.0.224_win32/bin/../lib/gcc/msp430-elf/5.3.0/../../../../msp430-elf/lib\libc.a(lib_a-memmove.o)
                0x000097d4                memmove
 .text          0x0000980e        0x0 c:/ti/ccsv6/tools/compiler/msp430-gcc-5.3.0.224_win32/msp430-gcc-5.3.0.224_win32/bin/../lib/gcc/msp430-elf/5.3.0/../../../../msp430-elf/lib\libc.a(lib_a-nano-freer.o)
 .text._free_r  0x0000980e       0xe6 c:/ti/ccsv6/tools/compiler/msp430-gcc-5.3.0.224_win32/msp430-gcc-5.3.0.224_win32/bin/../lib/gcc/msp430-elf/5.3.0/../../../../msp430-elf/lib\libc.a(lib_a-nano-freer.o)
                0x0000980e                _free_r
 .text          0x000098f4        0x0 c:/ti/ccsv6/tools/compiler/msp430-gcc-5.3.0.224_win32/msp430-gcc-5.3.0.224_win32/bin/../lib/gcc/msp430-elf/5.3.0/../../../../msp430-elf/lib\libc.a(lib_a-nano-mallocr.o)
 .text._malloc_r
                0x000098f4       0xe8 c:/ti/ccsv6/tools/compiler/msp430-gcc-5.3.0.224_win32/msp430-gcc-5.3.0.224_win32/bin/../lib/gcc/msp430-elf/5.3.0/../../../../msp430-elf/lib\libc.a(lib_a-nano-mallocr.o)
                0x000098f4                _malloc_r
 .text          0x000099dc        0x0 c:/ti/ccsv6/tools/compiler/msp430-gcc-5.3.0.224_win32/msp430-gcc-5.3.0.224_win32/bin/../lib/gcc/msp430-elf/5.3.0/../../../../msp430-elf/lib\libc.a(lib_a-nano-reallocr.o)
 .text._realloc_r
                0x000099dc       0x52 c:/ti/ccsv6/tools/compiler/msp430-gcc-5.3.0.224_win32/msp430-gcc-5.3.0.224_win32/bin/../lib/gcc/msp430-elf/5.3.0/../../../../msp430-elf/lib\libc.a(lib_a-nano-reallocr.o)
                0x000099dc                _realloc_r
 .text          0x00009a2e        0x0 c:/ti/ccsv6/tools/compiler/msp430-gcc-5.3.0.224_win32/msp430-gcc-5.3.0.224_win32/bin/../lib/gcc/msp430-elf/5.3.0/../../../../msp430-elf/lib\libc.a(lib_a-sbrkr.o)
 .text._sbrk_r  0x00009a2e       0x22 c:/ti/ccsv6/tools/compiler/msp430-gcc-5.3.0.224_win32/msp430-gcc-5.3.0.224_win32/bin/../lib/gcc/msp430-elf/5.3.0/../../../../msp430-elf/lib\libc.a(lib_a-sbrkr.o)
                0x00009a2e                _sbrk_r
 .text          0x00009a50        0x0 c:/ti/ccsv6/tools/compiler/msp430-gcc-5.3.0.224_win32/msp430-gcc-5.3.0.224_win32/bin/../lib/gcc/msp430-elf/5.3.0/../../../../msp430-elf/lib\libc.a(lib_a-stdio.o)
 .text.__sread  0x00009a50       0x38 c:/ti/ccsv6/tools/compiler/msp430-gcc-5.3.0.224_win32/msp430-gcc-5.3.0.224_win32/bin/../lib/gcc/msp430-elf/5.3.0/../../../../msp430-elf/lib\libc.a(lib_a-stdio.o)
                0x00009a50                __sread
 .text.__seofread
                0x00009a88        0x4 c:/ti/ccsv6/tools/compiler/msp430-gcc-5.3.0.224_win32/msp430-gcc-5.3.0.224_win32/bin/../lib/gcc/msp430-elf/5.3.0/../../../../msp430-elf/lib\libc.a(lib_a-stdio.o)
                0x00009a88                __seofread
 .text.__swrite
                0x00009a8c       0x3c c:/ti/ccsv6/tools/compiler/msp430-gcc-5.3.0.224_win32/msp430-gcc-5.3.0.224_win32/bin/../lib/gcc/msp430-elf/5.3.0/../../../../msp430-elf/lib\libc.a(lib_a-stdio.o)
                0x00009a8c                __swrite
 .text.__sseek  0x00009ac8       0x38 c:/ti/ccsv6/tools/compiler/msp430-gcc-5.3.0.224_win32/msp430-gcc-5.3.0.224_win32/bin/../lib/gcc/msp430-elf/5.3.0/../../../../msp430-elf/lib\libc.a(lib_a-stdio.o)
                0x00009ac8                __sseek
 .text.__sclose
                0x00009b00        0xa c:/ti/ccsv6/tools/compiler/msp430-gcc-5.3.0.224_win32/msp430-gcc-5.3.0.224_win32/bin/../lib/gcc/msp430-elf/5.3.0/../../../../msp430-elf/lib\libc.a(lib_a-stdio.o)
                0x00009b00                __sclose
 .text          0x00009b0a        0x0 c:/ti/ccsv6/tools/compiler/msp430-gcc-5.3.0.224_win32/msp430-gcc-5.3.0.224_win32/bin/../lib/gcc/msp430-elf/5.3.0/../../../../msp430-elf/lib\libc.a(lib_a-writer.o)
 .text._write_r
                0x00009b0a       0x26 c:/ti/ccsv6/tools/compiler/msp430-gcc-5.3.0.224_win32/msp430-gcc-5.3.0.224_win32/bin/../lib/gcc/msp430-elf/5.3.0/../../../../msp430-elf/lib\libc.a(lib_a-writer.o)
                0x00009b0a                _write_r
 .text          0x00009b30        0x0 c:/ti/ccsv6/tools/compiler/msp430-gcc-5.3.0.224_win32/msp430-gcc-5.3.0.224_win32/bin/../lib/gcc/msp430-elf/5.3.0/../../../../msp430-elf/lib\libc.a(lib_a-wsetup.o)
 .text.__swsetup_r
                0x00009b30       0xf4 c:/ti/ccsv6/tools/compiler/msp430-gcc-5.3.0.224_win32/msp430-gcc-5.3.0.224_win32/bin/../lib/gcc/msp430-elf/5.3.0/../../../../msp430-elf/lib\libc.a(lib_a-wsetup.o)
                0x00009b30                __swsetup_r
 .text          0x00009c24        0x0 c:/ti/ccsv6/tools/compiler/msp430-gcc-5.3.0.224_win32/msp430-gcc-5.3.0.224_win32/bin/../lib/gcc/msp430-elf/5.3.0/../../../../msp430-elf/lib\libc.a(lib_a-closer.o)
 .text._close_r
                0x00009c24       0x22 c:/ti/ccsv6/tools/compiler/msp430-gcc-5.3.0.224_win32/msp430-gcc-5.3.0.224_win32/bin/../lib/gcc/msp430-elf/5.3.0/../../../../msp430-elf/lib\libc.a(lib_a-closer.o)
                0x00009c24                _close_r
 .text          0x00009c46        0x0 c:/ti/ccsv6/tools/compiler/msp430-gcc-5.3.0.224_win32/msp430-gcc-5.3.0.224_win32/bin/../lib/gcc/msp430-elf/5.3.0/../../../../msp430-elf/lib\libc.a(lib_a-fclose.o)
 .text._fclose_r
                0x00009c46       0xba c:/ti/ccsv6/tools/compiler/msp430-gcc-5.3.0.224_win32/msp430-gcc-5.3.0.224_win32/bin/../lib/gcc/msp430-elf/5.3.0/../../../../msp430-elf/lib\libc.a(lib_a-fclose.o)
                0x00009c46                _fclose_r
 .text.fclose   0x00009d00        0xc c:/ti/ccsv6/tools/compiler/msp430-gcc-5.3.0.224_win32/msp430-gcc-5.3.0.224_win32/bin/../lib/gcc/msp430-elf/5.3.0/../../../../msp430-elf/lib\libc.a(lib_a-fclose.o)
                0x00009d00                fclose
 .text          0x00009d0c        0x0 c:/ti/ccsv6/tools/compiler/msp430-gcc-5.3.0.224_win32/msp430-gcc-5.3.0.224_win32/bin/../lib/gcc/msp430-elf/5.3.0/../../../../msp430-elf/lib\libc.a(lib_a-fflush.o)
 .text.__sflush_r
                0x00009d0c      0x19a c:/ti/ccsv6/tools/compiler/msp430-gcc-5.3.0.224_win32/msp430-gcc-5.3.0.224_win32/bin/../lib/gcc/msp430-elf/5.3.0/../../../../msp430-elf/lib\libc.a(lib_a-fflush.o)
                0x00009d0c                __sflush_r
 .text._fflush_r
                0x00009ea6       0x58 c:/ti/ccsv6/tools/compiler/msp430-gcc-5.3.0.224_win32/msp430-gcc-5.3.0.224_win32/bin/../lib/gcc/msp430-elf/5.3.0/../../../../msp430-elf/lib\libc.a(lib_a-fflush.o)
                0x00009ea6                _fflush_r
 .text.fflush   0x00009efe       0x1e c:/ti/ccsv6/tools/compiler/msp430-gcc-5.3.0.224_win32/msp430-gcc-5.3.0.224_win32/bin/../lib/gcc/msp430-elf/5.3.0/../../../../msp430-elf/lib\libc.a(lib_a-fflush.o)
                0x00009efe                fflush
 .text          0x00009f1c        0x0 c:/ti/ccsv6/tools/compiler/msp430-gcc-5.3.0.224_win32/msp430-gcc-5.3.0.224_win32/bin/../lib/gcc/msp430-elf/5.3.0/../../../../msp430-elf/lib\libc.a(lib_a-lseekr.o)
 .text._lseek_r
                0x00009f1c       0x2e c:/ti/ccsv6/tools/compiler/msp430-gcc-5.3.0.224_win32/msp430-gcc-5.3.0.224_win32/bin/../lib/gcc/msp430-elf/5.3.0/../../../../msp430-elf/lib\libc.a(lib_a-lseekr.o)
                0x00009f1c                _lseek_r
 .text          0x00009f4a        0x0 c:/ti/ccsv6/tools/compiler/msp430-gcc-5.3.0.224_win32/msp430-gcc-5.3.0.224_win32/bin/../lib/gcc/msp430-elf/5.3.0/../../../../msp430-elf/lib\libc.a(lib_a-makebuf.o)
 .text.__smakebuf_r
                0x00009f4a       0xe6 c:/ti/ccsv6/tools/compiler/msp430-gcc-5.3.0.224_win32/msp430-gcc-5.3.0.224_win32/bin/../lib/gcc/msp430-elf/5.3.0/../../../../msp430-elf/lib\libc.a(lib_a-makebuf.o)
                0x00009f4a                __smakebuf_r
 .text          0x0000a030        0x0 c:/ti/ccsv6/tools/compiler/msp430-gcc-5.3.0.224_win32/msp430-gcc-5.3.0.224_win32/bin/../lib/gcc/msp430-elf/5.3.0/../../../../msp430-elf/lib\libc.a(lib_a-nano-msizer.o)
 .text._malloc_usable_size_r
                0x0000a030       0x14 c:/ti/ccsv6/tools/compiler/msp430-gcc-5.3.0.224_win32/msp430-gcc-5.3.0.224_win32/bin/../lib/gcc/msp430-elf/5.3.0/../../../../msp430-elf/lib\libc.a(lib_a-nano-msizer.o)
                0x0000a030                _malloc_usable_size_r
 .text          0x0000a044        0x0 c:/ti/ccsv6/tools/compiler/msp430-gcc-5.3.0.224_win32/msp430-gcc-5.3.0.224_win32/bin/../lib/gcc/msp430-elf/5.3.0/../../../../msp430-elf/lib\libc.a(lib_a-readr.o)
 .text._read_r  0x0000a044       0x26 c:/ti/ccsv6/tools/compiler/msp430-gcc-5.3.0.224_win32/msp430-gcc-5.3.0.224_win32/bin/../lib/gcc/msp430-elf/5.3.0/../../../../msp430-elf/lib\libc.a(lib_a-readr.o)
                0x0000a044                _read_r
 .text          0x0000a06a        0x0 c:/ti/ccsv6/tools/compiler/msp430-gcc-5.3.0.224_win32/msp430-gcc-5.3.0.224_win32/bin/../lib/gcc/msp430-elf/5.3.0/../../../../msp430-elf/lib\libc.a(lib_a-reent.o)
 .text.cleanup_glue
                0x0000a06a       0x1c c:/ti/ccsv6/tools/compiler/msp430-gcc-5.3.0.224_win32/msp430-gcc-5.3.0.224_win32/bin/../lib/gcc/msp430-elf/5.3.0/../../../../msp430-elf/lib\libc.a(lib_a-reent.o)
                0x0000a06a                cleanup_glue
 .text._reclaim_reent
                0x0000a086      0x104 c:/ti/ccsv6/tools/compiler/msp430-gcc-5.3.0.224_win32/msp430-gcc-5.3.0.224_win32/bin/../lib/gcc/msp430-elf/5.3.0/../../../../msp430-elf/lib\libc.a(lib_a-reent.o)
                0x0000a086                _reclaim_reent
 .text          0x0000a18a        0x0 c:/ti/ccsv6/tools/compiler/msp430-gcc-5.3.0.224_win32/msp430-gcc-5.3.0.224_win32/bin/../lib/gcc/msp430-elf/5.3.0/../../../../msp430-elf/lib\libc.a(lib_a-fstatr.o)
 .text._fstat_r
                0x0000a18a       0x24 c:/ti/ccsv6/tools/compiler/msp430-gcc-5.3.0.224_win32/msp430-gcc-5.3.0.224_win32/bin/../lib/gcc/msp430-elf/5.3.0/../../../../msp430-elf/lib\libc.a(lib_a-fstatr.o)
                0x0000a18a                _fstat_r
 .text          0x0000a1ae        0x0 c:/ti/ccsv6/tools/compiler/msp430-gcc-5.3.0.224_win32/msp430-gcc-5.3.0.224_win32/bin/../lib/gcc/msp430-elf/5.3.0/../../../../msp430-elf/lib\libc.a(lib_a-isattyr.o)
 .text._isatty_r
                0x0000a1ae       0x22 c:/ti/ccsv6/tools/compiler/msp430-gcc-5.3.0.224_win32/msp430-gcc-5.3.0.224_win32/bin/../lib/gcc/msp430-elf/5.3.0/../../../../msp430-elf/lib\libc.a(lib_a-isattyr.o)
                0x0000a1ae                _isatty_r
 .text          0x0000a1d0        0x0 c:/ti/ccsv6/tools/compiler/msp430-gcc-5.3.0.224_win32/msp430-gcc-5.3.0.224_win32/bin/../lib/gcc/msp430-elf/5.3.0\libgcc.a(_muldi3.o)
 .text.__muldi3
                0x0000a1d0      0x14c c:/ti/ccsv6/tools/compiler/msp430-gcc-5.3.0.224_win32/msp430-gcc-5.3.0.224_win32/bin/../lib/gcc/msp430-elf/5.3.0\libgcc.a(_muldi3.o)
                0x0000a1d0                __mspabi_mpyll
 .text          0x0000a31c        0x0 c:/ti/ccsv6/tools/compiler/msp430-gcc-5.3.0.224_win32/msp430-gcc-5.3.0.224_win32/bin/../lib/gcc/msp430-elf/5.3.0/../../../../msp430-elf/lib\libcrt.a(crt_bss.o)
 .text          0x0000a31c        0x0 c:/ti/ccsv6/tools/compiler/msp430-gcc-5.3.0.224_win32/msp430-gcc-5.3.0.224_win32/bin/../lib/gcc/msp430-elf/5.3.0/../../../../msp430-elf/lib\libcrt.a(crt_movedata.o)
 .text          0x0000a31c        0x0 c:/ti/ccsv6/tools/compiler/msp430-gcc-5.3.0.224_win32/msp430-gcc-5.3.0.224_win32/bin/../lib/gcc/msp430-elf/5.3.0/../../../../msp430-elf/lib\libcrt.a(crt_main.o)
 .text          0x0000a31c        0x0 c:/ti/ccsv6/tools/compiler/msp430-gcc-5.3.0.224_win32/msp430-gcc-5.3.0.224_win32/bin/../lib/gcc/msp430-elf/5.3.0/../../../../msp430-elf/lib\libcrt.a(crt_callexit.o)
 .text          0x0000a31c        0x0 c:/ti/ccsv6/tools/compiler/msp430-gcc-5.3.0.224_win32/msp430-gcc-5.3.0.224_win32/bin/../lib/gcc/msp430-elf/5.3.0/../../../../msp430-elf/lib\libnosys.a(ciosyscalls.o)
 .text.exit     0x0000a31c        0x2 c:/ti/ccsv6/tools/compiler/msp430-gcc-5.3.0.224_win32/msp430-gcc-5.3.0.224_win32/bin/../lib/gcc/msp430-elf/5.3.0/../../../../msp430-elf/lib\libnosys.a(ciosyscalls.o)
                0x0000a31c                _exit
                0x0000a31c                exit
 .text.isatty   0x0000a31e        0x4 c:/ti/ccsv6/tools/compiler/msp430-gcc-5.3.0.224_win32/msp430-gcc-5.3.0.224_win32/bin/../lib/gcc/msp430-elf/5.3.0/../../../../msp430-elf/lib\libnosys.a(ciosyscalls.o)
                0x0000a31e                _isatty
                0x0000a31e                isatty
 .text.getpid   0x0000a322        0x6 c:/ti/ccsv6/tools/compiler/msp430-gcc-5.3.0.224_win32/msp430-gcc-5.3.0.224_win32/bin/../lib/gcc/msp430-elf/5.3.0/../../../../msp430-elf/lib\libnosys.a(ciosyscalls.o)
                0x0000a322                getpid
 .text.open     0x0000a328        0xe c:/ti/ccsv6/tools/compiler/msp430-gcc-5.3.0.224_win32/msp430-gcc-5.3.0.224_win32/bin/../lib/gcc/msp430-elf/5.3.0/../../../../msp430-elf/lib\libnosys.a(ciosyscalls.o)
                0x0000a328                open
 .text.close    0x0000a336        0xe c:/ti/ccsv6/tools/compiler/msp430-gcc-5.3.0.224_win32/msp430-gcc-5.3.0.224_win32/bin/../lib/gcc/msp430-elf/5.3.0/../../../../msp430-elf/lib\libnosys.a(ciosyscalls.o)
                0x0000a336                close
 .text.read     0x0000a344        0xe c:/ti/ccsv6/tools/compiler/msp430-gcc-5.3.0.224_win32/msp430-gcc-5.3.0.224_win32/bin/../lib/gcc/msp430-elf/5.3.0/../../../../msp430-elf/lib\libnosys.a(ciosyscalls.o)
                0x0000a344                read
 .text.fstat    0x0000a352        0xe c:/ti/ccsv6/tools/compiler/msp430-gcc-5.3.0.224_win32/msp430-gcc-5.3.0.224_win32/bin/../lib/gcc/msp430-elf/5.3.0/../../../../msp430-elf/lib\libnosys.a(ciosyscalls.o)
                0x0000a352                fstat
 .text.lseek    0x0000a360        0xe c:/ti/ccsv6/tools/compiler/msp430-gcc-5.3.0.224_win32/msp430-gcc-5.3.0.224_win32/bin/../lib/gcc/msp430-elf/5.3.0/../../../../msp430-elf/lib\libnosys.a(ciosyscalls.o)
                0x0000a360                lseek
 .text.kill     0x0000a36e        0xe c:/ti/ccsv6/tools/compiler/msp430-gcc-5.3.0.224_win32/msp430-gcc-5.3.0.224_win32/bin/../lib/gcc/msp430-elf/5.3.0/../../../../msp430-elf/lib\libnosys.a(ciosyscalls.o)
                0x0000a36e                kill
 .text          0x0000a37c        0x0 c:/ti/ccsv6/tools/compiler/msp430-gcc-5.3.0.224_win32/msp430-gcc-5.3.0.224_win32/bin/../lib/gcc/msp430-elf/5.3.0/../../../../msp430-elf/lib\libnosys.a(write.o)
 .text.write    0x0000a37c       0x6c c:/ti/ccsv6/tools/compiler/msp430-gcc-5.3.0.224_win32/msp430-gcc-5.3.0.224_win32/bin/../lib/gcc/msp430-elf/5.3.0/../../../../msp430-elf/lib\libnosys.a(write.o)
                0x0000a37c                write
 .text          0x0000a3e8        0x0 c:/ti/ccsv6/tools/compiler/msp430-gcc-5.3.0.224_win32/msp430-gcc-5.3.0.224_win32/bin/../lib/gcc/msp430-elf/5.3.0/../../../../msp430-elf/lib\libnosys.a(sbrk.o)
 .text._sbrk    0x0000a3e8       0x30 c:/ti/ccsv6/tools/compiler/msp430-gcc-5.3.0.224_win32/msp430-gcc-5.3.0.224_win32/bin/../lib/gcc/msp430-elf/5.3.0/../../../../msp430-elf/lib\libnosys.a(sbrk.o)
                0x0000a3e8                sbrk
                0x0000a3e8                _sbrk
 .text          0x0000a418        0x4 c:/ti/ccsv6/tools/compiler/msp430-gcc-5.3.0.224_win32/msp430-gcc-5.3.0.224_win32/bin/../lib/gcc/msp430-elf/5.3.0/../../../../msp430-elf/lib\libnosys.a(cio.o)
                0x0000a418                _libgloss_cio_hook
                0x0000a418                C$$IO$$
 .text          0x0000a41c        0x0 c:/ti/ccsv6/tools/compiler/msp430-gcc-5.3.0.224_win32/msp430-gcc-5.3.0.224_win32/bin/../lib/gcc/msp430-elf/5.3.0/../../../../msp430-elf/lib\libc.a(lib_a-abort.o)
 .text.abort    0x0000a41c        0xe c:/ti/ccsv6/tools/compiler/msp430-gcc-5.3.0.224_win32/msp430-gcc-5.3.0.224_win32/bin/../lib/gcc/msp430-elf/5.3.0/../../../../msp430-elf/lib\libc.a(lib_a-abort.o)
                0x0000a41c                abort
 .text          0x0000a42a        0x0 c:/ti/ccsv6/tools/compiler/msp430-gcc-5.3.0.224_win32/msp430-gcc-5.3.0.224_win32/bin/../lib/gcc/msp430-elf/5.3.0/../../../../msp430-elf/lib\libc.a(lib_a-errno.o)
 .text.__errno  0x0000a42a        0x6 c:/ti/ccsv6/tools/compiler/msp430-gcc-5.3.0.224_win32/msp430-gcc-5.3.0.224_win32/bin/../lib/gcc/msp430-elf/5.3.0/../../../../msp430-elf/lib\libc.a(lib_a-errno.o)
                0x0000a42a                __errno
 .text          0x0000a430        0x0 c:/ti/ccsv6/tools/compiler/msp430-gcc-5.3.0.224_win32/msp430-gcc-5.3.0.224_win32/bin/../lib/gcc/msp430-elf/5.3.0/../../../../msp430-elf/lib\libc.a(lib_a-signal.o)
 .text._init_signal_r
                0x0000a430       0x3a c:/ti/ccsv6/tools/compiler/msp430-gcc-5.3.0.224_win32/msp430-gcc-5.3.0.224_win32/bin/../lib/gcc/msp430-elf/5.3.0/../../../../msp430-elf/lib\libc.a(lib_a-signal.o)
                0x0000a430                _init_signal_r
 .text._signal_r
                0x0000a46a       0x3a c:/ti/ccsv6/tools/compiler/msp430-gcc-5.3.0.224_win32/msp430-gcc-5.3.0.224_win32/bin/../lib/gcc/msp430-elf/5.3.0/../../../../msp430-elf/lib\libc.a(lib_a-signal.o)
                0x0000a46a                _signal_r
 .text._raise_r
                0x0000a4a4       0x5e c:/ti/ccsv6/tools/compiler/msp430-gcc-5.3.0.224_win32/msp430-gcc-5.3.0.224_win32/bin/../lib/gcc/msp430-elf/5.3.0/../../../../msp430-elf/lib\libc.a(lib_a-signal.o)
                0x0000a4a4                _raise_r
 .text.__sigtramp_r
                0x0000a502       0x56 c:/ti/ccsv6/tools/compiler/msp430-gcc-5.3.0.224_win32/msp430-gcc-5.3.0.224_win32/bin/../lib/gcc/msp430-elf/5.3.0/../../../../msp430-elf/lib\libc.a(lib_a-signal.o)
                0x0000a502                __sigtramp_r
 .text.raise    0x0000a558        0xc c:/ti/ccsv6/tools/compiler/msp430-gcc-5.3.0.224_win32/msp430-gcc-5.3.0.224_win32/bin/../lib/gcc/msp430-elf/5.3.0/../../../../msp430-elf/lib\libc.a(lib_a-signal.o)
                0x0000a558                raise